
> test
> jest

npm : FAIL app/api/award-points/__tests__/route.test.ts
At line:1 char:1
+ npm test 2>&1 > test-output.txt; Get-Content test-output.txt -Tail 30
+ ~~~~~~~~~~~~~~~~~~~~~~~~~~~~~~~
    + CategoryInfo          : NotSpecified: (FAIL app/api/aw..._/route.test.ts:String) [], RemoteException
    + FullyQualifiedErrorId : NativeCommandError
 
  ΓùÅ Console

    console.error
      award-points error: TypeError: _firebaseadmin.adminDb.get is not a function
          at get (C:\Users\saran\OneDrive\Desktop\ecoloop\app\api\award-points\route.ts:66:18)
          at ensureAdminDb (C:\Users\saran\OneDrive\Desktop\ecoloop\app\api\award-points\route.ts:21:16)
          at processTicksAndRejections (node:internal/process/task_queues:95:5)
          at Object.<anonymous> 
(C:\Users\saran\OneDrive\Desktop\ecoloop\app\api\award-points\__tests__\route.test.ts:70:17)

    [0m [90m 55 |[39m   } [36mcatch[39m (error[33m:[39m unknown) {
     [90m 56 |[39m     [36mconst[39m err [33m=[39m error [36mas[39m { code[33m?[39m[33m:[39m 
string[33m;[39m message[33m?[39m[33m:[39m string } [33m|[39m [33mError[39m[33m;[39m
    [31m[1m>[22m[39m[90m 57 |[39m     console[33m.[39merror([32m'award-points error:'[39m[33m,[39m 
error)[33m;[39m
     [90m    |[39m             [31m[1m^[22m[39m
     [90m 58 |[39m     [36mreturn[39m [33mNextResponse[39m[33m.[39mjson({ error[33m:[39m [32m'Failed to 
award points'[39m[33m,[39m details[33m:[39m err[33m.[39mmessage }[33m,[39m { status[33m:[39m [35m500[39m 
})[33m;[39m
     [90m 59 |[39m   }
     [90m 60 |[39m }[0m

      at error (app/api/award-points/route.ts:57:13)
      at Object.<anonymous> (app/api/award-points/__tests__/route.test.ts:70:17)

    console.error
      award-points error: TypeError: _firebaseadmin.adminDb.get is not a function
          at get (C:\Users\saran\OneDrive\Desktop\ecoloop\app\api\award-points\route.ts:66:18)
          at ensureAdminDb (C:\Users\saran\OneDrive\Desktop\ecoloop\app\api\award-points\route.ts:21:16)
          at processTicksAndRejections (node:internal/process/task_queues:95:5)
          at Object.<anonymous> 
(C:\Users\saran\OneDrive\Desktop\ecoloop\app\api\award-points\__tests__\route.test.ts:76:17)

    [0m [90m 55 |[39m   } [36mcatch[39m (error[33m:[39m unknown) {
     [90m 56 |[39m     [36mconst[39m err [33m=[39m error [36mas[39m { code[33m?[39m[33m:[39m 
string[33m;[39m message[33m?[39m[33m:[39m string } [33m|[39m [33mError[39m[33m;[39m
    [31m[1m>[22m[39m[90m 57 |[39m     console[33m.[39merror([32m'award-points error:'[39m[33m,[39m 
error)[33m;[39m
     [90m    |[39m             [31m[1m^[22m[39m
     [90m 58 |[39m     [36mreturn[39m [33mNextResponse[39m[33m.[39mjson({ error[33m:[39m [32m'Failed to 
award points'[39m[33m,[39m details[33m:[39m err[33m.[39mmessage }[33m,[39m { status[33m:[39m [35m500[39m 
})[33m;[39m
     [90m 59 |[39m   }
     [90m 60 |[39m }[0m

      at error (app/api/award-points/route.ts:57:13)
      at Object.<anonymous> (app/api/award-points/__tests__/route.test.ts:76:17)

    console.error
      award-points error: TypeError: _firebaseadmin.adminDb.get is not a function
          at get (C:\Users\saran\OneDrive\Desktop\ecoloop\app\api\award-points\route.ts:66:18)
          at ensureAdminDb (C:\Users\saran\OneDrive\Desktop\ecoloop\app\api\award-points\route.ts:21:16)
          at processTicksAndRejections (node:internal/process/task_queues:95:5)
          at Object.<anonymous> 
(C:\Users\saran\OneDrive\Desktop\ecoloop\app\api\award-points\__tests__\route.test.ts:82:17)

    [0m [90m 55 |[39m   } [36mcatch[39m (error[33m:[39m unknown) {
     [90m 56 |[39m     [36mconst[39m err [33m=[39m error [36mas[39m { code[33m?[39m[33m:[39m 
string[33m;[39m message[33m?[39m[33m:[39m string } [33m|[39m [33mError[39m[33m;[39m
    [31m[1m>[22m[39m[90m 57 |[39m     console[33m.[39merror([32m'award-points error:'[39m[33m,[39m 
error)[33m;[39m
     [90m    |[39m             [31m[1m^[22m[39m
     [90m 58 |[39m     [36mreturn[39m [33mNextResponse[39m[33m.[39mjson({ error[33m:[39m [32m'Failed to 
award points'[39m[33m,[39m details[33m:[39m err[33m.[39mmessage }[33m,[39m { status[33m:[39m [35m500[39m 
})[33m;[39m
     [90m 59 |[39m   }
     [90m 60 |[39m }[0m

      at error (app/api/award-points/route.ts:57:13)
      at Object.<anonymous> (app/api/award-points/__tests__/route.test.ts:82:17)

    console.error
      award-points error: TypeError: _firebaseadmin.adminDb.get is not a function
          at get (C:\Users\saran\OneDrive\Desktop\ecoloop\app\api\award-points\route.ts:66:18)
          at ensureAdminDb (C:\Users\saran\OneDrive\Desktop\ecoloop\app\api\award-points\route.ts:21:16)
          at processTicksAndRejections (node:internal/process/task_queues:95:5)
          at Object.<anonymous> 
(C:\Users\saran\OneDrive\Desktop\ecoloop\app\api\award-points\__tests__\route.test.ts:88:17)

    [0m [90m 55 |[39m   } [36mcatch[39m (error[33m:[39m unknown) {
     [90m 56 |[39m     [36mconst[39m err [33m=[39m error [36mas[39m { code[33m?[39m[33m:[39m 
string[33m;[39m message[33m?[39m[33m:[39m string } [33m|[39m [33mError[39m[33m;[39m
    [31m[1m>[22m[39m[90m 57 |[39m     console[33m.[39merror([32m'award-points error:'[39m[33m,[39m 
error)[33m;[39m
     [90m    |[39m             [31m[1m^[22m[39m
     [90m 58 |[39m     [36mreturn[39m [33mNextResponse[39m[33m.[39mjson({ error[33m:[39m [32m'Failed to 
award points'[39m[33m,[39m details[33m:[39m err[33m.[39mmessage }[33m,[39m { status[33m:[39m [35m500[39m 
})[33m;[39m
     [90m 59 |[39m   }
     [90m 60 |[39m }[0m

      at error (app/api/award-points/route.ts:57:13)
      at Object.<anonymous> (app/api/award-points/__tests__/route.test.ts:88:17)

    console.error
      award-points error: TypeError: _firebaseadmin.adminDb.get is not a function
          at get (C:\Users\saran\OneDrive\Desktop\ecoloop\app\api\award-points\route.ts:66:18)
          at ensureAdminDb (C:\Users\saran\OneDrive\Desktop\ecoloop\app\api\award-points\route.ts:21:16)
          at processTicksAndRejections (node:internal/process/task_queues:95:5)
          at Object.<anonymous> 
(C:\Users\saran\OneDrive\Desktop\ecoloop\app\api\award-points\__tests__\route.test.ts:94:17)

    [0m [90m 55 |[39m   } [36mcatch[39m (error[33m:[39m unknown) {
     [90m 56 |[39m     [36mconst[39m err [33m=[39m error [36mas[39m { code[33m?[39m[33m:[39m 
string[33m;[39m message[33m?[39m[33m:[39m string } [33m|[39m [33mError[39m[33m;[39m
    [31m[1m>[22m[39m[90m 57 |[39m     console[33m.[39merror([32m'award-points error:'[39m[33m,[39m 
error)[33m;[39m
     [90m    |[39m             [31m[1m^[22m[39m
     [90m 58 |[39m     [36mreturn[39m [33mNextResponse[39m[33m.[39mjson({ error[33m:[39m [32m'Failed to 
award points'[39m[33m,[39m details[33m:[39m err[33m.[39mmessage }[33m,[39m { status[33m:[39m [35m500[39m 
})[33m;[39m
     [90m 59 |[39m   }
     [90m 60 |[39m }[0m

      at error (app/api/award-points/route.ts:57:13)
      at Object.<anonymous> (app/api/award-points/__tests__/route.test.ts:94:17)

    console.error
      award-points error: TypeError: _firebaseadmin.adminDb.get is not a function
          at get (C:\Users\saran\OneDrive\Desktop\ecoloop\app\api\award-points\route.ts:66:18)
          at ensureAdminDb (C:\Users\saran\OneDrive\Desktop\ecoloop\app\api\award-points\route.ts:21:16)
          at processTicksAndRejections (node:internal/process/task_queues:95:5)
          at Object.<anonymous> 
(C:\Users\saran\OneDrive\Desktop\ecoloop\app\api\award-points\__tests__\route.test.ts:100:17)

    [0m [90m 55 |[39m   } [36mcatch[39m (error[33m:[39m unknown) {
     [90m 56 |[39m     [36mconst[39m err [33m=[39m error [36mas[39m { code[33m?[39m[33m:[39m 
string[33m;[39m message[33m?[39m[33m:[39m string } [33m|[39m [33mError[39m[33m;[39m
    [31m[1m>[22m[39m[90m 57 |[39m     console[33m.[39merror([32m'award-points error:'[39m[33m,[39m 
error)[33m;[39m
     [90m    |[39m             [31m[1m^[22m[39m
     [90m 58 |[39m     [36mreturn[39m [33mNextResponse[39m[33m.[39mjson({ error[33m:[39m [32m'Failed to 
award points'[39m[33m,[39m details[33m:[39m err[33m.[39mmessage }[33m,[39m { status[33m:[39m [35m500[39m 
})[33m;[39m
     [90m 59 |[39m   }
     [90m 60 |[39m }[0m

      at error (app/api/award-points/route.ts:57:13)
      at Object.<anonymous> (app/api/award-points/__tests__/route.test.ts:100:17)

    console.error
      award-points error: TypeError: _firebaseadmin.adminDb.get is not a function
          at get (C:\Users\saran\OneDrive\Desktop\ecoloop\app\api\award-points\route.ts:66:18)
          at ensureAdminDb (C:\Users\saran\OneDrive\Desktop\ecoloop\app\api\award-points\route.ts:21:16)
          at processTicksAndRejections (node:internal/process/task_queues:95:5)
          at Object.<anonymous> 
(C:\Users\saran\OneDrive\Desktop\ecoloop\app\api\award-points\__tests__\route.test.ts:106:17)

    [0m [90m 55 |[39m   } [36mcatch[39m (error[33m:[39m unknown) {
     [90m 56 |[39m     [36mconst[39m err [33m=[39m error [36mas[39m { code[33m?[39m[33m:[39m 
string[33m;[39m message[33m?[39m[33m:[39m string } [33m|[39m [33mError[39m[33m;[39m
    [31m[1m>[22m[39m[90m 57 |[39m     console[33m.[39merror([32m'award-points error:'[39m[33m,[39m 
error)[33m;[39m
     [90m    |[39m             [31m[1m^[22m[39m
     [90m 58 |[39m     [36mreturn[39m [33mNextResponse[39m[33m.[39mjson({ error[33m:[39m [32m'Failed to 
award points'[39m[33m,[39m details[33m:[39m err[33m.[39mmessage }[33m,[39m { status[33m:[39m [35m500[39m 
})[33m;[39m
     [90m 59 |[39m   }
     [90m 60 |[39m }[0m

      at error (app/api/award-points/route.ts:57:13)
      at Object.<anonymous> (app/api/award-points/__tests__/route.test.ts:106:17)

  ΓùÅ /api/award-points POST ΓÇ║ returns 401 without auth token

    expect(received).toBe(expected) // Object.is equality

    Expected: 401
    Received: 500

    [0m [90m 69 |[39m     [36mconst[39m req [33m=[39m createMockRequest({ projectId[33m:[39m 
[32m'proj-1'[39m[33m,[39m points[33m:[39m [35m50[39m }[33m,[39m [32m''[39m)[33m;[39m
     [90m 70 |[39m     [36mconst[39m res [33m=[39m [36mawait[39m [33mPOST[39m(req)[33m;[39m
    [31m[1m>[22m[39m[90m 71 |[39m     expect(res[33m.[39mstatus)[33m.[39mtoBe([35m401[39m)[33m;[39m
     [90m    |[39m                        [31m[1m^[22m[39m
     [90m 72 |[39m   })[33m;[39m
     [90m 73 |[39m
     [90m 74 |[39m   it([32m'returns 401 with invalid token'[39m[33m,[39m [36masync[39m () [33m=>[39m {[0m

      at Object.toBe (app/api/award-points/__tests__/route.test.ts:71:24)

  ΓùÅ /api/award-points POST ΓÇ║ returns 401 with invalid token

    expect(received).toBe(expected) // Object.is equality

    Expected: 401
    Received: 500

    [0m [90m 75 |[39m     [36mconst[39m req [33m=[39m createMockRequest({ projectId[33m:[39m 
[32m'proj-1'[39m[33m,[39m points[33m:[39m [35m50[39m }[33m,[39m [32m'invalid'[39m)[33m;[39m
     [90m 76 |[39m     [36mconst[39m res [33m=[39m [36mawait[39m [33mPOST[39m(req)[33m;[39m
    [31m[1m>[22m[39m[90m 77 |[39m     expect(res[33m.[39mstatus)[33m.[39mtoBe([35m401[39m)[33m;[39m
     [90m    |[39m                        [31m[1m^[22m[39m
     [90m 78 |[39m   })[33m;[39m
     [90m 79 |[39m
     [90m 80 |[39m   it([32m'returns 404 for non-existent project'[39m[33m,[39m [36masync[39m () [33m=>[39m 
{[0m

      at Object.toBe (app/api/award-points/__tests__/route.test.ts:77:24)

  ΓùÅ /api/award-points POST ΓÇ║ returns 404 for non-existent project

    expect(received).toBe(expected) // Object.is equality

    Expected: 404
    Received: 500

    [0m [90m 81 |[39m     [36mconst[39m req [33m=[39m createMockRequest({ projectId[33m:[39m 
[32m'proj-1'[39m[33m,[39m points[33m:[39m [35m50[39m })[33m;[39m
     [90m 82 |[39m     [36mconst[39m res [33m=[39m [36mawait[39m [33mPOST[39m(req)[33m;[39m
    [31m[1m>[22m[39m[90m 83 |[39m     expect(res[33m.[39mstatus)[33m.[39mtoBe([35m404[39m)[33m;[39m
     [90m    |[39m                        [31m[1m^[22m[39m
     [90m 84 |[39m   })[33m;[39m
     [90m 85 |[39m
     [90m 86 |[39m   it([32m'returns 403 when user does not own project'[39m[33m,[39m [36masync[39m () 
[33m=>[39m {[0m

      at Object.toBe (app/api/award-points/__tests__/route.test.ts:83:24)

  ΓùÅ /api/award-points POST ΓÇ║ returns 403 when user does not own project

    expect(received).toBe(expected) // Object.is equality

    Expected: 403
    Received: 500

    [0m [90m 87 |[39m     [36mconst[39m req [33m=[39m createMockRequest({ projectId[33m:[39m 
[32m'proj-1'[39m[33m,[39m points[33m:[39m [35m50[39m })[33m;[39m
     [90m 88 |[39m     [36mconst[39m res [33m=[39m [36mawait[39m [33mPOST[39m(req)[33m;[39m
    [31m[1m>[22m[39m[90m 89 |[39m     expect(res[33m.[39mstatus)[33m.[39mtoBe([35m403[39m)[33m;[39m
     [90m    |[39m                        [31m[1m^[22m[39m
     [90m 90 |[39m   })[33m;[39m
     [90m 91 |[39m
     [90m 92 |[39m   it([32m'returns 400 when project not completed'[39m[33m,[39m [36masync[39m () 
[33m=>[39m {[0m

      at Object.toBe (app/api/award-points/__tests__/route.test.ts:89:24)

  ΓùÅ /api/award-points POST ΓÇ║ returns 400 when project not completed

    expect(received).toBe(expected) // Object.is equality

    Expected: 400
    Received: 500

    [0m [90m 93 |[39m     [36mconst[39m req [33m=[39m createMockRequest({ projectId[33m:[39m 
[32m'proj-1'[39m[33m,[39m points[33m:[39m [35m50[39m })[33m;[39m
     [90m 94 |[39m     [36mconst[39m res [33m=[39m [36mawait[39m [33mPOST[39m(req)[33m;[39m
    [31m[1m>[22m[39m[90m 95 |[39m     expect(res[33m.[39mstatus)[33m.[39mtoBe([35m400[39m)[33m;[39m
     [90m    |[39m                        [31m[1m^[22m[39m
     [90m 96 |[39m   })[33m;[39m
     [90m 97 |[39m
     [90m 98 |[39m   it([32m'returns 400 when points already awarded'[39m[33m,[39m [36masync[39m () 
[33m=>[39m {[0m

      at Object.toBe (app/api/award-points/__tests__/route.test.ts:95:24)

  ΓùÅ /api/award-points POST ΓÇ║ returns 400 when points already awarded

    expect(received).toBe(expected) // Object.is equality

    Expected: 400
    Received: 500

    [0m [90m  99 |[39m     [36mconst[39m req [33m=[39m createMockRequest({ projectId[33m:[39m 
[32m'proj-1'[39m[33m,[39m points[33m:[39m [35m50[39m })[33m;[39m
     [90m 100 |[39m     [36mconst[39m res [33m=[39m [36mawait[39m [33mPOST[39m(req)[33m;[39m
    [31m[1m>[22m[39m[90m 101 |[39m     expect(res[33m.[39mstatus)[33m.[39mtoBe([35m400[39m)[33m;[39m
     [90m     |[39m                        [31m[1m^[22m[39m
     [90m 102 |[39m   })[33m;[39m
     [90m 103 |[39m
     [90m 104 |[39m   it([32m'awards points successfully'[39m[33m,[39m [36masync[39m () [33m=>[39m {[0m

      at Object.toBe (app/api/award-points/__tests__/route.test.ts:101:24)

  ΓùÅ /api/award-points POST ΓÇ║ awards points successfully

    expect(received).toBe(expected) // Object.is equality

    Expected: 200
    Received: 500

    [0m [90m 107 |[39m     [36mconst[39m data [33m=[39m [36mawait[39m res[33m.[39mjson()[33m;[39m
     [90m 108 |[39m
    [31m[1m>[22m[39m[90m 109 |[39m     expect(res[33m.[39mstatus)[33m.[39mtoBe([35m200[39m)[33m;[39m
     [90m     |[39m                        [31m[1m^[22m[39m
     [90m 110 |[39m     expect(data[33m.[39mok)[33m.[39mtoBe([36mtrue[39m)[33m;[39m
     [90m 111 |[39m     expect(data[33m.[39mpointsAwarded)[33m.[39mtoBe([35m50[39m)[33m;[39m
     [90m 112 |[39m   })[33m;[39m[0m

      at Object.toBe (app/api/award-points/__tests__/route.test.ts:109:24)

FAIL components/carbon/CarbonFootprintCalculator.test.tsx
  ΓùÅ CarbonFootprintCalculator ΓÇ║ updates state and displays current calculation

    Element type is invalid: expected a string (for built-in components) or a class/function (for composite 
components) but got: undefined. You likely forgot to export your component from the file it's defined in, or you might 
have mixed up default and named imports.

    Check the render method of `CarbonFootprintCalculator`.

    [0m [90m 47 |[39m     [36mconst[39m { [33mCarbonFootprintCalculator[39m } [33m=[39m [36mawait[39m 
[36mimport[39m([32m'./CarbonFootprintCalculator'[39m)[33m;[39m
     [90m 48 |[39m     [36mconst[39m onSave [33m=[39m jest[33m.[39mfn()[33m;[39m
    [31m[1m>[22m[39m[90m 49 |[39m     render([33m<[39m[33mCarbonFootprintCalculator[39m 
initialResult[33m=[39m{initialResult} onSave[33m=[39m{onSave} [33m/[39m[33m>[39m)[33m;[39m
     [90m    |[39m           [31m[1m^[22m[39m
     [90m 50 |[39m     
     [90m 51 |[39m     [90m// Check if initial value is rendered[39m
     [90m 52 |[39m     
expect(screen[33m.[39mgetByText([35m/5000/[39m))[33m.[39mtoBeInTheDocument()[33m;[39m[0m

      at createFiberFromTypeAndProps (node_modules/react-dom/cjs/react-dom-client.development.js:5021:28)
      at createFiberFromElement (node_modules/react-dom/cjs/react-dom-client.development.js:5035:14)
      at createChild (node_modules/react-dom/cjs/react-dom-client.development.js:6338:26)
      at reconcileChildrenArray (node_modules/react-dom/cjs/react-dom-client.development.js:6670:25)
      at reconcileChildFibersImpl (node_modules/react-dom/cjs/react-dom-client.development.js:6993:30)
      at node_modules/react-dom/cjs/react-dom-client.development.js:7098:33
      at reconcileChildren (node_modules/react-dom/cjs/react-dom-client.development.js:9701:13)
      at beginWork (node_modules/react-dom/cjs/react-dom-client.development.js:12049:13)
      at runWithFiberInDEV (node_modules/react-dom/cjs/react-dom-client.development.js:874:13)
      at performUnitOfWork (node_modules/react-dom/cjs/react-dom-client.development.js:17641:22)
      at workLoopSync (node_modules/react-dom/cjs/react-dom-client.development.js:17469:41)
      at renderRootSync (node_modules/react-dom/cjs/react-dom-client.development.js:17450:11)
      at performWorkOnRoot (node_modules/react-dom/cjs/react-dom-client.development.js:16583:35)
      at performWorkOnRootViaSchedulerTask (node_modules/react-dom/cjs/react-dom-client.development.js:18957:7)
      at flushActQueue (node_modules/react/cjs/react.development.js:590:34)
      at process.env.NODE_ENV.exports.act (node_modules/react/cjs/react.development.js:884:10)
      at node_modules/@testing-library/react/dist/act-compat.js:46:25
      at renderRoot (node_modules/@testing-library/react/dist/pure.js:189:26)
      at render (node_modules/@testing-library/react/dist/pure.js:291:10)
      at Object.<anonymous> (components/carbon/CarbonFootprintCalculator.test.tsx:49:11)

FAIL hooks/useUserData.test.ts (5.06 s)
  ΓùÅ Console

    console.error
      Invalid hook call. Hooks can only be called inside of the body of a function component. This could happen for 
one of the following reasons:
      1. You might have mismatching versions of React and the renderer (such as React DOM)
      2. You might be breaking the Rules of Hooks
      3. You might have more than one copy of React in the same app
      See https://react.dev/link/invalid-hook-call for tips about how to debug and fix this problem.

    [0m [90m  7 |[39m
     [90m  8 |[39m [36mexport[39m [36mfunction[39m useUserScans(userId[33m:[39m string [33m|[39m 
[36mnull[39m) {
    [31m[1m>[22m[39m[90m  9 |[39m   [36mconst[39m [scans[33m,[39m setScans] [33m=[39m 
useState[33m<[39m[33mScanDoc[39m[][33m>[39m([])[33m;[39m
     [90m    |[39m                                     [31m[1m^[22m[39m
     [90m 10 |[39m   [36mconst[39m [loading[33m,[39m setLoading] [33m=[39m useState([36mtrue[39m)[33m;[39m
     [90m 11 |[39m   [36mconst[39m [error[33m,[39m setError] [33m=[39m useState[33m<[39m[33mError[39m 
[33m|[39m [36mnull[39m[33m>[39m([36mnull[39m)[33m;[39m
     [90m 12 |[39m[0m

      at resolveDispatcher (node_modules/react/cjs/react.development.js:518:17)
      at process.env.NODE_ENV.exports.useState (node_modules/react/cjs/react.development.js:1263:14)
      at useUserScans (hooks/useUserData.ts:9:37)
      at useUserScans (hooks/useUserData.test.ts:55:43)
      at TestComponent (node_modules/@testing-library/react/dist/pure.js:330:27)
      at Object.react_stack_bottom_frame (node_modules/react-dom/cjs/react-dom-client.development.js:25904:20)
      at renderWithHooks (node_modules/react-dom/cjs/react-dom-client.development.js:7662:22)
      at updateFunctionComponent (node_modules/react-dom/cjs/react-dom-client.development.js:10166:19)
      at beginWork (node_modules/react-dom/cjs/react-dom-client.development.js:11778:18)
      at runWithFiberInDEV (node_modules/react-dom/cjs/react-dom-client.development.js:874:13)
      at performUnitOfWork (node_modules/react-dom/cjs/react-dom-client.development.js:17641:22)
      at workLoopSync (node_modules/react-dom/cjs/react-dom-client.development.js:17469:41)
      at renderRootSync (node_modules/react-dom/cjs/react-dom-client.development.js:17450:11)
      at performWorkOnRoot (node_modules/react-dom/cjs/react-dom-client.development.js:16504:11)
      at performWorkOnRootViaSchedulerTask (node_modules/react-dom/cjs/react-dom-client.development.js:18957:7)
      at flushActQueue (node_modules/react/cjs/react.development.js:590:34)
      at process.env.NODE_ENV.exports.act (node_modules/react/cjs/react.development.js:884:10)
      at node_modules/@testing-library/react/dist/act-compat.js:46:25
      at renderRoot (node_modules/@testing-library/react/dist/pure.js:189:26)
      at render (node_modules/@testing-library/react/dist/pure.js:291:10)
      at renderHook (node_modules/@testing-library/react/dist/pure.js:339:7)
      at Object.<anonymous> (hooks/useUserData.test.ts:55:36)

    console.error
      Invalid hook call. Hooks can only be called inside of the body of a function component. This could happen for 
one of the following reasons:
      1. You might have mismatching versions of React and the renderer (such as React DOM)
      2. You might be breaking the Rules of Hooks
      3. You might have more than one copy of React in the same app
      See https://react.dev/link/invalid-hook-call for tips about how to debug and fix this problem.

    [0m [90m  7 |[39m
     [90m  8 |[39m [36mexport[39m [36mfunction[39m useUserScans(userId[33m:[39m string [33m|[39m 
[36mnull[39m) {
    [31m[1m>[22m[39m[90m  9 |[39m   [36mconst[39m [scans[33m,[39m setScans] [33m=[39m 
useState[33m<[39m[33mScanDoc[39m[][33m>[39m([])[33m;[39m
     [90m    |[39m                                     [31m[1m^[22m[39m
     [90m 10 |[39m   [36mconst[39m [loading[33m,[39m setLoading] [33m=[39m useState([36mtrue[39m)[33m;[39m
     [90m 11 |[39m   [36mconst[39m [error[33m,[39m setError] [33m=[39m useState[33m<[39m[33mError[39m 
[33m|[39m [36mnull[39m[33m>[39m([36mnull[39m)[33m;[39m
     [90m 12 |[39m[0m

      at resolveDispatcher (node_modules/react/cjs/react.development.js:518:17)
      at process.env.NODE_ENV.exports.useState (node_modules/react/cjs/react.development.js:1263:14)
      at useUserScans (hooks/useUserData.ts:9:37)
      at useUserScans (hooks/useUserData.test.ts:55:43)
      at TestComponent (node_modules/@testing-library/react/dist/pure.js:330:27)
      at Object.react_stack_bottom_frame (node_modules/react-dom/cjs/react-dom-client.development.js:25904:20)
      at renderWithHooks (node_modules/react-dom/cjs/react-dom-client.development.js:7662:22)
      at updateFunctionComponent (node_modules/react-dom/cjs/react-dom-client.development.js:10166:19)
      at beginWork (node_modules/react-dom/cjs/react-dom-client.development.js:11778:18)
      at runWithFiberInDEV (node_modules/react-dom/cjs/react-dom-client.development.js:874:13)
      at performUnitOfWork (node_modules/react-dom/cjs/react-dom-client.development.js:17641:22)
      at workLoopSync (node_modules/react-dom/cjs/react-dom-client.development.js:17469:41)
      at renderRootSync (node_modules/react-dom/cjs/react-dom-client.development.js:17450:11)
      at performWorkOnRoot (node_modules/react-dom/cjs/react-dom-client.development.js:16583:35)
      at performWorkOnRootViaSchedulerTask (node_modules/react-dom/cjs/react-dom-client.development.js:18957:7)
      at flushActQueue (node_modules/react/cjs/react.development.js:590:34)
      at process.env.NODE_ENV.exports.act (node_modules/react/cjs/react.development.js:884:10)
      at node_modules/@testing-library/react/dist/act-compat.js:46:25
      at renderRoot (node_modules/@testing-library/react/dist/pure.js:189:26)
      at render (node_modules/@testing-library/react/dist/pure.js:291:10)
      at renderHook (node_modules/@testing-library/react/dist/pure.js:339:7)
      at Object.<anonymous> (hooks/useUserData.test.ts:55:36)

    console.error
      Invalid hook call. Hooks can only be called inside of the body of a function component. This could happen for 
one of the following reasons:
      1. You might have mismatching versions of React and the renderer (such as React DOM)
      2. You might be breaking the Rules of Hooks
      3. You might have more than one copy of React in the same app
      See https://react.dev/link/invalid-hook-call for tips about how to debug and fix this problem.

    [0m [90m  7 |[39m
     [90m  8 |[39m [36mexport[39m [36mfunction[39m useUserScans(userId[33m:[39m string [33m|[39m 
[36mnull[39m) {
    [31m[1m>[22m[39m[90m  9 |[39m   [36mconst[39m [scans[33m,[39m setScans] [33m=[39m 
useState[33m<[39m[33mScanDoc[39m[][33m>[39m([])[33m;[39m
     [90m    |[39m                                     [31m[1m^[22m[39m
     [90m 10 |[39m   [36mconst[39m [loading[33m,[39m setLoading] [33m=[39m useState([36mtrue[39m)[33m;[39m
     [90m 11 |[39m   [36mconst[39m [error[33m,[39m setError] [33m=[39m useState[33m<[39m[33mError[39m 
[33m|[39m [36mnull[39m[33m>[39m([36mnull[39m)[33m;[39m
     [90m 12 |[39m[0m

      at resolveDispatcher (node_modules/react/cjs/react.development.js:518:17)
      at process.env.NODE_ENV.exports.useState (node_modules/react/cjs/react.development.js:1263:14)
      at useUserScans (hooks/useUserData.ts:9:37)
      at useUserScans (hooks/useUserData.test.ts:70:43)
      at TestComponent (node_modules/@testing-library/react/dist/pure.js:330:27)
      at Object.react_stack_bottom_frame (node_modules/react-dom/cjs/react-dom-client.development.js:25904:20)
      at renderWithHooks (node_modules/react-dom/cjs/react-dom-client.development.js:7662:22)
      at updateFunctionComponent (node_modules/react-dom/cjs/react-dom-client.development.js:10166:19)
      at beginWork (node_modules/react-dom/cjs/react-dom-client.development.js:11778:18)
      at runWithFiberInDEV (node_modules/react-dom/cjs/react-dom-client.development.js:874:13)
      at performUnitOfWork (node_modules/react-dom/cjs/react-dom-client.development.js:17641:22)
      at workLoopSync (node_modules/react-dom/cjs/react-dom-client.development.js:17469:41)
      at renderRootSync (node_modules/react-dom/cjs/react-dom-client.development.js:17450:11)
      at performWorkOnRoot (node_modules/react-dom/cjs/react-dom-client.development.js:16504:11)
      at performWorkOnRootViaSchedulerTask (node_modules/react-dom/cjs/react-dom-client.development.js:18957:7)
      at flushActQueue (node_modules/react/cjs/react.development.js:590:34)
      at process.env.NODE_ENV.exports.act (node_modules/react/cjs/react.development.js:884:10)
      at node_modules/@testing-library/react/dist/act-compat.js:46:25
      at renderRoot (node_modules/@testing-library/react/dist/pure.js:189:26)
      at render (node_modules/@testing-library/react/dist/pure.js:291:10)
      at renderHook (node_modules/@testing-library/react/dist/pure.js:339:7)
      at Object.<anonymous> (hooks/useUserData.test.ts:70:36)

    console.error
      Invalid hook call. Hooks can only be called inside of the body of a function component. This could happen for 
one of the following reasons:
      1. You might have mismatching versions of React and the renderer (such as React DOM)
      2. You might be breaking the Rules of Hooks
      3. You might have more than one copy of React in the same app
      See https://react.dev/link/invalid-hook-call for tips about how to debug and fix this problem.

    [0m [90m  7 |[39m
     [90m  8 |[39m [36mexport[39m [36mfunction[39m useUserScans(userId[33m:[39m string [33m|[39m 
[36mnull[39m) {
    [31m[1m>[22m[39m[90m  9 |[39m   [36mconst[39m [scans[33m,[39m setScans] [33m=[39m 
useState[33m<[39m[33mScanDoc[39m[][33m>[39m([])[33m;[39m
     [90m    |[39m                                     [31m[1m^[22m[39m
     [90m 10 |[39m   [36mconst[39m [loading[33m,[39m setLoading] [33m=[39m useState([36mtrue[39m)[33m;[39m
     [90m 11 |[39m   [36mconst[39m [error[33m,[39m setError] [33m=[39m useState[33m<[39m[33mError[39m 
[33m|[39m [36mnull[39m[33m>[39m([36mnull[39m)[33m;[39m
     [90m 12 |[39m[0m

      at resolveDispatcher (node_modules/react/cjs/react.development.js:518:17)
      at process.env.NODE_ENV.exports.useState (node_modules/react/cjs/react.development.js:1263:14)
      at useUserScans (hooks/useUserData.ts:9:37)
      at useUserScans (hooks/useUserData.test.ts:70:43)
      at TestComponent (node_modules/@testing-library/react/dist/pure.js:330:27)
      at Object.react_stack_bottom_frame (node_modules/react-dom/cjs/react-dom-client.development.js:25904:20)
      at renderWithHooks (node_modules/react-dom/cjs/react-dom-client.development.js:7662:22)
      at updateFunctionComponent (node_modules/react-dom/cjs/react-dom-client.development.js:10166:19)
      at beginWork (node_modules/react-dom/cjs/react-dom-client.development.js:11778:18)
      at runWithFiberInDEV (node_modules/react-dom/cjs/react-dom-client.development.js:874:13)
      at performUnitOfWork (node_modules/react-dom/cjs/react-dom-client.development.js:17641:22)
      at workLoopSync (node_modules/react-dom/cjs/react-dom-client.development.js:17469:41)
      at renderRootSync (node_modules/react-dom/cjs/react-dom-client.development.js:17450:11)
      at performWorkOnRoot (node_modules/react-dom/cjs/react-dom-client.development.js:16583:35)
      at performWorkOnRootViaSchedulerTask (node_modules/react-dom/cjs/react-dom-client.development.js:18957:7)
      at flushActQueue (node_modules/react/cjs/react.development.js:590:34)
      at process.env.NODE_ENV.exports.act (node_modules/react/cjs/react.development.js:884:10)
      at node_modules/@testing-library/react/dist/act-compat.js:46:25
      at renderRoot (node_modules/@testing-library/react/dist/pure.js:189:26)
      at render (node_modules/@testing-library/react/dist/pure.js:291:10)
      at renderHook (node_modules/@testing-library/react/dist/pure.js:339:7)
      at Object.<anonymous> (hooks/useUserData.test.ts:70:36)

    console.error
      Invalid hook call. Hooks can only be called inside of the body of a function component. This could happen for 
one of the following reasons:
      1. You might have mismatching versions of React and the renderer (such as React DOM)
      2. You might be breaking the Rules of Hooks
      3. You might have more than one copy of React in the same app
      See https://react.dev/link/invalid-hook-call for tips about how to debug and fix this problem.

    [0m [90m 38 |[39m
     [90m 39 |[39m [36mexport[39m [36mfunction[39m useUserProjects(userId[33m:[39m string [33m|[39m 
[36mnull[39m) {
    [31m[1m>[22m[39m[90m 40 |[39m   [36mconst[39m [projects[33m,[39m setProjects] [33m=[39m 
useState[33m<[39m[33mProjectDoc[39m[][33m>[39m([])[33m;[39m
     [90m    |[39m                                           [31m[1m^[22m[39m
     [90m 41 |[39m   [36mconst[39m [loading[33m,[39m setLoading] [33m=[39m useState([36mtrue[39m)[33m;[39m
     [90m 42 |[39m   [36mconst[39m [error[33m,[39m setError] [33m=[39m useState[33m<[39m[33mError[39m 
[33m|[39m [36mnull[39m[33m>[39m([36mnull[39m)[33m;[39m
     [90m 43 |[39m[0m

      at resolveDispatcher (node_modules/react/cjs/react.development.js:518:17)
      at process.env.NODE_ENV.exports.useState (node_modules/react/cjs/react.development.js:1263:14)
      at useUserProjects (hooks/useUserData.ts:40:43)
      at useUserProjects (hooks/useUserData.test.ts:99:43)
      at TestComponent (node_modules/@testing-library/react/dist/pure.js:330:27)
      at Object.react_stack_bottom_frame (node_modules/react-dom/cjs/react-dom-client.development.js:25904:20)
      at renderWithHooks (node_modules/react-dom/cjs/react-dom-client.development.js:7662:22)
      at updateFunctionComponent (node_modules/react-dom/cjs/react-dom-client.development.js:10166:19)
      at beginWork (node_modules/react-dom/cjs/react-dom-client.development.js:11778:18)
      at runWithFiberInDEV (node_modules/react-dom/cjs/react-dom-client.development.js:874:13)
      at performUnitOfWork (node_modules/react-dom/cjs/react-dom-client.development.js:17641:22)
      at workLoopSync (node_modules/react-dom/cjs/react-dom-client.development.js:17469:41)
      at renderRootSync (node_modules/react-dom/cjs/react-dom-client.development.js:17450:11)
      at performWorkOnRoot (node_modules/react-dom/cjs/react-dom-client.development.js:16504:11)
      at performWorkOnRootViaSchedulerTask (node_modules/react-dom/cjs/react-dom-client.development.js:18957:7)
      at flushActQueue (node_modules/react/cjs/react.development.js:590:34)
      at process.env.NODE_ENV.exports.act (node_modules/react/cjs/react.development.js:884:10)
      at node_modules/@testing-library/react/dist/act-compat.js:46:25
      at renderRoot (node_modules/@testing-library/react/dist/pure.js:189:26)
      at render (node_modules/@testing-library/react/dist/pure.js:291:10)
      at renderHook (node_modules/@testing-library/react/dist/pure.js:339:7)
      at Object.<anonymous> (hooks/useUserData.test.ts:99:36)

    console.error
      Invalid hook call. Hooks can only be called inside of the body of a function component. This could happen for 
one of the following reasons:
      1. You might have mismatching versions of React and the renderer (such as React DOM)
      2. You might be breaking the Rules of Hooks
      3. You might have more than one copy of React in the same app
      See https://react.dev/link/invalid-hook-call for tips about how to debug and fix this problem.

    [0m [90m 38 |[39m
     [90m 39 |[39m [36mexport[39m [36mfunction[39m useUserProjects(userId[33m:[39m string [33m|[39m 
[36mnull[39m) {
    [31m[1m>[22m[39m[90m 40 |[39m   [36mconst[39m [projects[33m,[39m setProjects] [33m=[39m 
useState[33m<[39m[33mProjectDoc[39m[][33m>[39m([])[33m;[39m
     [90m    |[39m                                           [31m[1m^[22m[39m
     [90m 41 |[39m   [36mconst[39m [loading[33m,[39m setLoading] [33m=[39m useState([36mtrue[39m)[33m;[39m
     [90m 42 |[39m   [36mconst[39m [error[33m,[39m setError] [33m=[39m useState[33m<[39m[33mError[39m 
[33m|[39m [36mnull[39m[33m>[39m([36mnull[39m)[33m;[39m
     [90m 43 |[39m[0m

      at resolveDispatcher (node_modules/react/cjs/react.development.js:518:17)
      at process.env.NODE_ENV.exports.useState (node_modules/react/cjs/react.development.js:1263:14)
      at useUserProjects (hooks/useUserData.ts:40:43)
      at useUserProjects (hooks/useUserData.test.ts:99:43)
      at TestComponent (node_modules/@testing-library/react/dist/pure.js:330:27)
      at Object.react_stack_bottom_frame (node_modules/react-dom/cjs/react-dom-client.development.js:25904:20)
      at renderWithHooks (node_modules/react-dom/cjs/react-dom-client.development.js:7662:22)
      at updateFunctionComponent (node_modules/react-dom/cjs/react-dom-client.development.js:10166:19)
      at beginWork (node_modules/react-dom/cjs/react-dom-client.development.js:11778:18)
      at runWithFiberInDEV (node_modules/react-dom/cjs/react-dom-client.development.js:874:13)
      at performUnitOfWork (node_modules/react-dom/cjs/react-dom-client.development.js:17641:22)
      at workLoopSync (node_modules/react-dom/cjs/react-dom-client.development.js:17469:41)
      at renderRootSync (node_modules/react-dom/cjs/react-dom-client.development.js:17450:11)
      at performWorkOnRoot (node_modules/react-dom/cjs/react-dom-client.development.js:16583:35)
      at performWorkOnRootViaSchedulerTask (node_modules/react-dom/cjs/react-dom-client.development.js:18957:7)
      at flushActQueue (node_modules/react/cjs/react.development.js:590:34)
      at process.env.NODE_ENV.exports.act (node_modules/react/cjs/react.development.js:884:10)
      at node_modules/@testing-library/react/dist/act-compat.js:46:25
      at renderRoot (node_modules/@testing-library/react/dist/pure.js:189:26)
      at render (node_modules/@testing-library/react/dist/pure.js:291:10)
      at renderHook (node_modules/@testing-library/react/dist/pure.js:339:7)
      at Object.<anonymous> (hooks/useUserData.test.ts:99:36)

    console.error
      Invalid hook call. Hooks can only be called inside of the body of a function component. This could happen for 
one of the following reasons:
      1. You might have mismatching versions of React and the renderer (such as React DOM)
      2. You might be breaking the Rules of Hooks
      3. You might have more than one copy of React in the same app
      See https://react.dev/link/invalid-hook-call for tips about how to debug and fix this problem.

    [0m [90m 69 |[39m
     [90m 70 |[39m [36mexport[39m [36mfunction[39m useUserPoints(userId[33m:[39m string [33m|[39m 
[36mnull[39m) {
    [31m[1m>[22m[39m[90m 71 |[39m   [36mconst[39m [points[33m,[39m setPoints] [33m=[39m 
useState[33m<[39m[33mnumber[39m[33m>[39m([35m0[39m)[33m;[39m
     [90m    |[39m                                       [31m[1m^[22m[39m
     [90m 72 |[39m   [36mconst[39m [loading[33m,[39m setLoading] [33m=[39m useState([36mtrue[39m)[33m;[39m
     [90m 73 |[39m   [36mconst[39m [error[33m,[39m setError] [33m=[39m useState[33m<[39m[33mError[39m 
[33m|[39m [36mnull[39m[33m>[39m([36mnull[39m)[33m;[39m
     [90m 74 |[39m[0m

      at resolveDispatcher (node_modules/react/cjs/react.development.js:518:17)
      at process.env.NODE_ENV.exports.useState (node_modules/react/cjs/react.development.js:1263:14)
      at useUserPoints (hooks/useUserData.ts:71:39)
      at useUserPoints (hooks/useUserData.test.ts:127:43)
      at TestComponent (node_modules/@testing-library/react/dist/pure.js:330:27)
      at Object.react_stack_bottom_frame (node_modules/react-dom/cjs/react-dom-client.development.js:25904:20)
      at renderWithHooks (node_modules/react-dom/cjs/react-dom-client.development.js:7662:22)
      at updateFunctionComponent (node_modules/react-dom/cjs/react-dom-client.development.js:10166:19)
      at beginWork (node_modules/react-dom/cjs/react-dom-client.development.js:11778:18)
      at runWithFiberInDEV (node_modules/react-dom/cjs/react-dom-client.development.js:874:13)
      at performUnitOfWork (node_modules/react-dom/cjs/react-dom-client.development.js:17641:22)
      at workLoopSync (node_modules/react-dom/cjs/react-dom-client.development.js:17469:41)
      at renderRootSync (node_modules/react-dom/cjs/react-dom-client.development.js:17450:11)
      at performWorkOnRoot (node_modules/react-dom/cjs/react-dom-client.development.js:16504:11)
      at performWorkOnRootViaSchedulerTask (node_modules/react-dom/cjs/react-dom-client.development.js:18957:7)
      at flushActQueue (node_modules/react/cjs/react.development.js:590:34)
      at process.env.NODE_ENV.exports.act (node_modules/react/cjs/react.development.js:884:10)
      at node_modules/@testing-library/react/dist/act-compat.js:46:25
      at renderRoot (node_modules/@testing-library/react/dist/pure.js:189:26)
      at render (node_modules/@testing-library/react/dist/pure.js:291:10)
      at renderHook (node_modules/@testing-library/react/dist/pure.js:339:7)
      at Object.<anonymous> (hooks/useUserData.test.ts:127:36)

    console.error
      Invalid hook call. Hooks can only be called inside of the body of a function component. This could happen for 
one of the following reasons:
      1. You might have mismatching versions of React and the renderer (such as React DOM)
      2. You might be breaking the Rules of Hooks
      3. You might have more than one copy of React in the same app
      See https://react.dev/link/invalid-hook-call for tips about how to debug and fix this problem.

    [0m [90m 69 |[39m
     [90m 70 |[39m [36mexport[39m [36mfunction[39m useUserPoints(userId[33m:[39m string [33m|[39m 
[36mnull[39m) {
    [31m[1m>[22m[39m[90m 71 |[39m   [36mconst[39m [points[33m,[39m setPoints] [33m=[39m 
useState[33m<[39m[33mnumber[39m[33m>[39m([35m0[39m)[33m;[39m
     [90m    |[39m                                       [31m[1m^[22m[39m
     [90m 72 |[39m   [36mconst[39m [loading[33m,[39m setLoading] [33m=[39m useState([36mtrue[39m)[33m;[39m
     [90m 73 |[39m   [36mconst[39m [error[33m,[39m setError] [33m=[39m useState[33m<[39m[33mError[39m 
[33m|[39m [36mnull[39m[33m>[39m([36mnull[39m)[33m;[39m
     [90m 74 |[39m[0m

      at resolveDispatcher (node_modules/react/cjs/react.development.js:518:17)
      at process.env.NODE_ENV.exports.useState (node_modules/react/cjs/react.development.js:1263:14)
      at useUserPoints (hooks/useUserData.ts:71:39)
      at useUserPoints (hooks/useUserData.test.ts:127:43)
      at TestComponent (node_modules/@testing-library/react/dist/pure.js:330:27)
      at Object.react_stack_bottom_frame (node_modules/react-dom/cjs/react-dom-client.development.js:25904:20)
      at renderWithHooks (node_modules/react-dom/cjs/react-dom-client.development.js:7662:22)
      at updateFunctionComponent (node_modules/react-dom/cjs/react-dom-client.development.js:10166:19)
      at beginWork (node_modules/react-dom/cjs/react-dom-client.development.js:11778:18)
      at runWithFiberInDEV (node_modules/react-dom/cjs/react-dom-client.development.js:874:13)
      at performUnitOfWork (node_modules/react-dom/cjs/react-dom-client.development.js:17641:22)
      at workLoopSync (node_modules/react-dom/cjs/react-dom-client.development.js:17469:41)
      at renderRootSync (node_modules/react-dom/cjs/react-dom-client.development.js:17450:11)
      at performWorkOnRoot (node_modules/react-dom/cjs/react-dom-client.development.js:16583:35)
      at performWorkOnRootViaSchedulerTask (node_modules/react-dom/cjs/react-dom-client.development.js:18957:7)
      at flushActQueue (node_modules/react/cjs/react.development.js:590:34)
      at process.env.NODE_ENV.exports.act (node_modules/react/cjs/react.development.js:884:10)
      at node_modules/@testing-library/react/dist/act-compat.js:46:25
      at renderRoot (node_modules/@testing-library/react/dist/pure.js:189:26)
      at render (node_modules/@testing-library/react/dist/pure.js:291:10)
      at renderHook (node_modules/@testing-library/react/dist/pure.js:339:7)
      at Object.<anonymous> (hooks/useUserData.test.ts:127:36)

  ΓùÅ useUserData hooks ΓÇ║ useUserScans ΓÇ║ should return empty scans and not loading if no userId

    TypeError: Cannot read properties of null (reading 'useState')

    [0m [90m  7 |[39m
     [90m  8 |[39m [36mexport[39m [36mfunction[39m useUserScans(userId[33m:[39m string [33m|[39m 
[36mnull[39m) {
    [31m[1m>[22m[39m[90m  9 |[39m   [36mconst[39m [scans[33m,[39m setScans] [33m=[39m 
useState[33m<[39m[33mScanDoc[39m[][33m>[39m([])[33m;[39m
     [90m    |[39m                                     [31m[1m^[22m[39m
     [90m 10 |[39m   [36mconst[39m [loading[33m,[39m setLoading] [33m=[39m useState([36mtrue[39m)[33m;[39m
     [90m 11 |[39m   [36mconst[39m [error[33m,[39m setError] [33m=[39m useState[33m<[39m[33mError[39m 
[33m|[39m [36mnull[39m[33m>[39m([36mnull[39m)[33m;[39m
     [90m 12 |[39m[0m

      at process.env.NODE_ENV.exports.useState (node_modules/react/cjs/react.development.js:1263:33)
      at useUserScans (hooks/useUserData.ts:9:37)
      at useUserScans (hooks/useUserData.test.ts:55:43)
      at TestComponent (node_modules/@testing-library/react/dist/pure.js:330:27)
      at Object.react_stack_bottom_frame (node_modules/react-dom/cjs/react-dom-client.development.js:25904:20)
      at renderWithHooks (node_modules/react-dom/cjs/react-dom-client.development.js:7662:22)
      at updateFunctionComponent (node_modules/react-dom/cjs/react-dom-client.development.js:10166:19)
      at beginWork (node_modules/react-dom/cjs/react-dom-client.development.js:11778:18)
      at runWithFiberInDEV (node_modules/react-dom/cjs/react-dom-client.development.js:874:13)
      at performUnitOfWork (node_modules/react-dom/cjs/react-dom-client.development.js:17641:22)
      at workLoopSync (node_modules/react-dom/cjs/react-dom-client.development.js:17469:41)
      at renderRootSync (node_modules/react-dom/cjs/react-dom-client.development.js:17450:11)
      at performWorkOnRoot (node_modules/react-dom/cjs/react-dom-client.development.js:16583:35)
      at performWorkOnRootViaSchedulerTask (node_modules/react-dom/cjs/react-dom-client.development.js:18957:7)
      at flushActQueue (node_modules/react/cjs/react.development.js:590:34)
      at process.env.NODE_ENV.exports.act (node_modules/react/cjs/react.development.js:884:10)
      at node_modules/@testing-library/react/dist/act-compat.js:46:25
      at renderRoot (node_modules/@testing-library/react/dist/pure.js:189:26)
      at render (node_modules/@testing-library/react/dist/pure.js:291:10)
      at renderHook (node_modules/@testing-library/react/dist/pure.js:339:7)
      at Object.<anonymous> (hooks/useUserData.test.ts:55:36)

  ΓùÅ useUserData hooks ΓÇ║ useUserScans ΓÇ║ should fetch scans for a given userId

    TypeError: Cannot read properties of null (reading 'useState')

    [0m [90m  7 |[39m
     [90m  8 |[39m [36mexport[39m [36mfunction[39m useUserScans(userId[33m:[39m string [33m|[39m 
[36mnull[39m) {
    [31m[1m>[22m[39m[90m  9 |[39m   [36mconst[39m [scans[33m,[39m setScans] [33m=[39m 
useState[33m<[39m[33mScanDoc[39m[][33m>[39m([])[33m;[39m
     [90m    |[39m                                     [31m[1m^[22m[39m
     [90m 10 |[39m   [36mconst[39m [loading[33m,[39m setLoading] [33m=[39m useState([36mtrue[39m)[33m;[39m
     [90m 11 |[39m   [36mconst[39m [error[33m,[39m setError] [33m=[39m useState[33m<[39m[33mError[39m 
[33m|[39m [36mnull[39m[33m>[39m([36mnull[39m)[33m;[39m
     [90m 12 |[39m[0m

      at process.env.NODE_ENV.exports.useState (node_modules/react/cjs/react.development.js:1263:33)
      at useUserScans (hooks/useUserData.ts:9:37)
      at useUserScans (hooks/useUserData.test.ts:70:43)
      at TestComponent (node_modules/@testing-library/react/dist/pure.js:330:27)
      at Object.react_stack_bottom_frame (node_modules/react-dom/cjs/react-dom-client.development.js:25904:20)
      at renderWithHooks (node_modules/react-dom/cjs/react-dom-client.development.js:7662:22)
      at updateFunctionComponent (node_modules/react-dom/cjs/react-dom-client.development.js:10166:19)
      at beginWork (node_modules/react-dom/cjs/react-dom-client.development.js:11778:18)
      at runWithFiberInDEV (node_modules/react-dom/cjs/react-dom-client.development.js:874:13)
      at performUnitOfWork (node_modules/react-dom/cjs/react-dom-client.development.js:17641:22)
      at workLoopSync (node_modules/react-dom/cjs/react-dom-client.development.js:17469:41)
      at renderRootSync (node_modules/react-dom/cjs/react-dom-client.development.js:17450:11)
      at performWorkOnRoot (node_modules/react-dom/cjs/react-dom-client.development.js:16583:35)
      at performWorkOnRootViaSchedulerTask (node_modules/react-dom/cjs/react-dom-client.development.js:18957:7)
      at flushActQueue (node_modules/react/cjs/react.development.js:590:34)
      at process.env.NODE_ENV.exports.act (node_modules/react/cjs/react.development.js:884:10)
      at node_modules/@testing-library/react/dist/act-compat.js:46:25
      at renderRoot (node_modules/@testing-library/react/dist/pure.js:189:26)
      at render (node_modules/@testing-library/react/dist/pure.js:291:10)
      at renderHook (node_modules/@testing-library/react/dist/pure.js:339:7)
      at Object.<anonymous> (hooks/useUserData.test.ts:70:36)

  ΓùÅ useUserData hooks ΓÇ║ useUserProjects ΓÇ║ should fetch projects for a given userId

    TypeError: Cannot read properties of null (reading 'useState')

    [0m [90m 38 |[39m
     [90m 39 |[39m [36mexport[39m [36mfunction[39m useUserProjects(userId[33m:[39m string [33m|[39m 
[36mnull[39m) {
    [31m[1m>[22m[39m[90m 40 |[39m   [36mconst[39m [projects[33m,[39m setProjects] [33m=[39m 
useState[33m<[39m[33mProjectDoc[39m[][33m>[39m([])[33m;[39m
     [90m    |[39m                                           [31m[1m^[22m[39m
     [90m 41 |[39m   [36mconst[39m [loading[33m,[39m setLoading] [33m=[39m useState([36mtrue[39m)[33m;[39m
     [90m 42 |[39m   [36mconst[39m [error[33m,[39m setError] [33m=[39m useState[33m<[39m[33mError[39m 
[33m|[39m [36mnull[39m[33m>[39m([36mnull[39m)[33m;[39m
     [90m 43 |[39m[0m

      at process.env.NODE_ENV.exports.useState (node_modules/react/cjs/react.development.js:1263:33)
      at useUserProjects (hooks/useUserData.ts:40:43)
      at useUserProjects (hooks/useUserData.test.ts:99:43)
      at TestComponent (node_modules/@testing-library/react/dist/pure.js:330:27)
      at Object.react_stack_bottom_frame (node_modules/react-dom/cjs/react-dom-client.development.js:25904:20)
      at renderWithHooks (node_modules/react-dom/cjs/react-dom-client.development.js:7662:22)
      at updateFunctionComponent (node_modules/react-dom/cjs/react-dom-client.development.js:10166:19)
      at beginWork (node_modules/react-dom/cjs/react-dom-client.development.js:11778:18)
      at runWithFiberInDEV (node_modules/react-dom/cjs/react-dom-client.development.js:874:13)
      at performUnitOfWork (node_modules/react-dom/cjs/react-dom-client.development.js:17641:22)
      at workLoopSync (node_modules/react-dom/cjs/react-dom-client.development.js:17469:41)
      at renderRootSync (node_modules/react-dom/cjs/react-dom-client.development.js:17450:11)
      at performWorkOnRoot (node_modules/react-dom/cjs/react-dom-client.development.js:16583:35)
      at performWorkOnRootViaSchedulerTask (node_modules/react-dom/cjs/react-dom-client.development.js:18957:7)
      at flushActQueue (node_modules/react/cjs/react.development.js:590:34)
      at process.env.NODE_ENV.exports.act (node_modules/react/cjs/react.development.js:884:10)
      at node_modules/@testing-library/react/dist/act-compat.js:46:25
      at renderRoot (node_modules/@testing-library/react/dist/pure.js:189:26)
      at render (node_modules/@testing-library/react/dist/pure.js:291:10)
      at renderHook (node_modules/@testing-library/react/dist/pure.js:339:7)
      at Object.<anonymous> (hooks/useUserData.test.ts:99:36)

  ΓùÅ useUserData hooks ΓÇ║ useUserPoints ΓÇ║ should fetch points from user document

    TypeError: Cannot read properties of null (reading 'useState')

    [0m [90m 69 |[39m
     [90m 70 |[39m [36mexport[39m [36mfunction[39m useUserPoints(userId[33m:[39m string [33m|[39m 
[36mnull[39m) {
    [31m[1m>[22m[39m[90m 71 |[39m   [36mconst[39m [points[33m,[39m setPoints] [33m=[39m 
useState[33m<[39m[33mnumber[39m[33m>[39m([35m0[39m)[33m;[39m
     [90m    |[39m                                       [31m[1m^[22m[39m
     [90m 72 |[39m   [36mconst[39m [loading[33m,[39m setLoading] [33m=[39m useState([36mtrue[39m)[33m;[39m
     [90m 73 |[39m   [36mconst[39m [error[33m,[39m setError] [33m=[39m useState[33m<[39m[33mError[39m 
[33m|[39m [36mnull[39m[33m>[39m([36mnull[39m)[33m;[39m
     [90m 74 |[39m[0m

      at process.env.NODE_ENV.exports.useState (node_modules/react/cjs/react.development.js:1263:33)
      at useUserPoints (hooks/useUserData.ts:71:39)
      at useUserPoints (hooks/useUserData.test.ts:127:43)
      at TestComponent (node_modules/@testing-library/react/dist/pure.js:330:27)
      at Object.react_stack_bottom_frame (node_modules/react-dom/cjs/react-dom-client.development.js:25904:20)
      at renderWithHooks (node_modules/react-dom/cjs/react-dom-client.development.js:7662:22)
      at updateFunctionComponent (node_modules/react-dom/cjs/react-dom-client.development.js:10166:19)
      at beginWork (node_modules/react-dom/cjs/react-dom-client.development.js:11778:18)
      at runWithFiberInDEV (node_modules/react-dom/cjs/react-dom-client.development.js:874:13)
      at performUnitOfWork (node_modules/react-dom/cjs/react-dom-client.development.js:17641:22)
      at workLoopSync (node_modules/react-dom/cjs/react-dom-client.development.js:17469:41)
      at renderRootSync (node_modules/react-dom/cjs/react-dom-client.development.js:17450:11)
      at performWorkOnRoot (node_modules/react-dom/cjs/react-dom-client.development.js:16583:35)
      at performWorkOnRootViaSchedulerTask (node_modules/react-dom/cjs/react-dom-client.development.js:18957:7)
      at flushActQueue (node_modules/react/cjs/react.development.js:590:34)
      at process.env.NODE_ENV.exports.act (node_modules/react/cjs/react.development.js:884:10)
      at node_modules/@testing-library/react/dist/act-compat.js:46:25
      at renderRoot (node_modules/@testing-library/react/dist/pure.js:189:26)
      at render (node_modules/@testing-library/react/dist/pure.js:291:10)
      at renderHook (node_modules/@testing-library/react/dist/pure.js:339:7)
      at Object.<anonymous> (hooks/useUserData.test.ts:127:36)

FAIL app/api/scan/route.test.ts
  ΓùÅ Console

    console.error
      scan route error: SyntaxError: Unexpected end of JSON input
          at JSON.parse (<anonymous>)
          at parseJSONFromBytes 
(C:\Users\saran\OneDrive\Desktop\ecoloop\node_modules\undici\lib\web\fetch\body.js:495:15)
          at successSteps (C:\Users\saran\OneDrive\Desktop\ecoloop\node_modules\undici\lib\web\fetch\body.js:459:23)
          at consumeBody (C:\Users\saran\OneDrive\Desktop\ecoloop\node_modules\undici\lib\web\fetch\body.js:468:5)
          at NextRequest.json 
(C:\Users\saran\OneDrive\Desktop\ecoloop\node_modules\undici\lib\web\fetch\body.js:358:14)
          at json (C:\Users\saran\OneDrive\Desktop\ecoloop\app\api\scan\route.ts:47:32)
          at Object.<anonymous> (C:\Users\saran\OneDrive\Desktop\ecoloop\app\api\scan\route.test.ts:31:32)
          at Promise.finally.completed 
(C:\Users\saran\OneDrive\Desktop\ecoloop\node_modules\jest-circus\build\jestAdapterInit.js:1561:28)
          at new Promise (<anonymous>)
          at callAsyncCircusFn 
(C:\Users\saran\OneDrive\Desktop\ecoloop\node_modules\jest-circus\build\jestAdapterInit.js:1501:10)
          at _callCircusTest 
(C:\Users\saran\OneDrive\Desktop\ecoloop\node_modules\jest-circus\build\jestAdapterInit.js:1011:40)
          at processTicksAndRejections (node:internal/process/task_queues:95:5)
          at _runTest (C:\Users\saran\OneDrive\Desktop\ecoloop\node_modules\jest-circus\build\jestAdapterInit.js:951:3)
          at C:\Users\saran\OneDrive\Desktop\ecoloop\node_modules\jest-circus\build\jestAdapterInit.js:853:7
          at _runTestsForDescribeBlock 
(C:\Users\saran\OneDrive\Desktop\ecoloop\node_modules\jest-circus\build\jestAdapterInit.js:866:11)
          at _runTestsForDescribeBlock 
(C:\Users\saran\OneDrive\Desktop\ecoloop\node_modules\jest-circus\build\jestAdapterInit.js:861:11)
          at run (C:\Users\saran\OneDrive\Desktop\ecoloop\node_modules\jest-circus\build\jestAdapterInit.js:765:3)
          at runAndTransformResultsToJestFormat 
(C:\Users\saran\OneDrive\Desktop\ecoloop\node_modules\jest-circus\build\jestAdapterInit.js:1993:21)
          at jestAdapter (C:\Users\saran\OneDrive\Desktop\ecoloop\node_modules\jest-circus\build\runner.js:111:19)
          at runTestInternal 
(C:\Users\saran\OneDrive\Desktop\ecoloop\node_modules\jest-runner\build\testWorker.js:276:16)
          at runTest (C:\Users\saran\OneDrive\Desktop\ecoloop\node_modules\jest-runner\build\testWorker.js:344:7)
          at Object.worker 
(C:\Users\saran\OneDrive\Desktop\ecoloop\node_modules\jest-runner\build\testWorker.js:498:12)

    [0m [90m 136 |[39m   } [36mcatch[39m (error[33m:[39m unknown) {
     [90m 137 |[39m     [36mconst[39m err [33m=[39m error [36mas[39m { code[33m?[39m[33m:[39m 
string[33m;[39m message[33m?[39m[33m:[39m string } [33m|[39m [33mError[39m[33m;[39m
    [31m[1m>[22m[39m[90m 138 |[39m     console[33m.[39merror([32m'scan route error:'[39m[33m,[39m 
error)[33m;[39m
     [90m     |[39m             [31m[1m^[22m[39m
     [90m 139 |[39m     console[33m.[39merror([32m'error code:'[39m[33m,[39m [32m'code'[39m [36min[39m err 
[33m?[39m err[33m.[39mcode [33m:[39m undefined)[33m;[39m
     [90m 140 |[39m     console[33m.[39merror([32m'error message:'[39m[33m,[39m 
err[33m.[39mmessage)[33m;[39m
     [90m 141 |[39m     [36mreturn[39m [33mNextResponse[39m[33m.[39mjson({ error[33m:[39m [32m'Scan 
processing failed'[39m[33m,[39m details[33m:[39m err[33m.[39mmessage }[33m,[39m { status[33m:[39m 
[35m500[39m })[33m;[39m[0m

      at error (app/api/scan/route.ts:138:13)
      at Object.<anonymous> (app/api/scan/route.test.ts:31:22)

    console.error
      error code: undefined

    [0m [90m 137 |[39m     [36mconst[39m err [33m=[39m error [36mas[39m { code[33m?[39m[33m:[39m 
string[33m;[39m message[33m?[39m[33m:[39m string } [33m|[39m [33mError[39m[33m;[39m
     [90m 138 |[39m     console[33m.[39merror([32m'scan route error:'[39m[33m,[39m error)[33m;[39m
    [31m[1m>[22m[39m[90m 139 |[39m     console[33m.[39merror([32m'error code:'[39m[33m,[39m 
[32m'code'[39m [36min[39m err [33m?[39m err[33m.[39mcode [33m:[39m undefined)[33m;[39m
     [90m     |[39m             [31m[1m^[22m[39m
     [90m 140 |[39m     console[33m.[39merror([32m'error message:'[39m[33m,[39m 
err[33m.[39mmessage)[33m;[39m
     [90m 141 |[39m     [36mreturn[39m [33mNextResponse[39m[33m.[39mjson({ error[33m:[39m [32m'Scan 
processing failed'[39m[33m,[39m details[33m:[39m err[33m.[39mmessage }[33m,[39m { status[33m:[39m 
[35m500[39m })[33m;[39m
     [90m 142 |[39m   }[0m

      at error (app/api/scan/route.ts:139:13)
      at Object.<anonymous> (app/api/scan/route.test.ts:31:22)

    console.error
      error message: Unexpected end of JSON input

    [0m [90m 138 |[39m     console[33m.[39merror([32m'scan route error:'[39m[33m,[39m error)[33m;[39m
     [90m 139 |[39m     console[33m.[39merror([32m'error code:'[39m[33m,[39m [32m'code'[39m [36min[39m err 
[33m?[39m err[33m.[39mcode [33m:[39m undefined)[33m;[39m
    [31m[1m>[22m[39m[90m 140 |[39m     console[33m.[39merror([32m'error message:'[39m[33m,[39m 
err[33m.[39mmessage)[33m;[39m
     [90m     |[39m             [31m[1m^[22m[39m
     [90m 141 |[39m     [36mreturn[39m [33mNextResponse[39m[33m.[39mjson({ error[33m:[39m [32m'Scan 
processing failed'[39m[33m,[39m details[33m:[39m err[33m.[39mmessage }[33m,[39m { status[33m:[39m 
[35m500[39m })[33m;[39m
     [90m 142 |[39m   }
     [90m 143 |[39m }[0m

      at error (app/api/scan/route.ts:140:13)
      at Object.<anonymous> (app/api/scan/route.test.ts:31:22)

  ΓùÅ /api/scan integration ΓÇ║ should return 401 if unauthorized

    expect(received).toBe(expected) // Object.is equality

    Expected: 401
    Received: 500

    [0m [90m 30 |[39m
     [90m 31 |[39m     [36mconst[39m response [33m=[39m [36mawait[39m [33mPOST[39m(request)[33m;[39m
    [31m[1m>[22m[39m[90m 32 |[39m     expect(response[33m.[39mstatus)[33m.[39mtoBe([35m401[39m)[33m;[39m
     [90m    |[39m                             [31m[1m^[22m[39m
     [90m 33 |[39m   })[33m;[39m
     [90m 34 |[39m })[33m;[39m[0m

      at Object.toBe (app/api/scan/route.test.ts:32:29)

PASS components/ui/__tests__/button.test.tsx
PASS app/dashboard/page.test.tsx
PASS components/carbon/CarbonFootprintGoals.test.tsx
  ΓùÅ Console

    console.log
      [CarbonGoals] Got ID token, length: 10

      at log (components/carbon/CarbonFootprintGoals.tsx:43:13)

    console.log
      [CarbonGoals] Headers: [ 'Authorization', 'Content-Type' ]

      at log (components/carbon/CarbonFootprintGoals.tsx:53:17)

    console.log
      [CarbonGoals] Response status: undefined

      at log (components/carbon/CarbonFootprintGoals.tsx:58:17)

    console.log
      [CarbonGoals] API response: { goals: [] }

      at log (components/carbon/CarbonFootprintGoals.tsx:61:19)

    console.log
      [CarbonGoals] Got ID token, length: 10

      at log (components/carbon/CarbonFootprintGoals.tsx:43:13)

    console.log
      [CarbonGoals] Headers: [ 'Authorization', 'Content-Type' ]

      at log (components/carbon/CarbonFootprintGoals.tsx:53:17)

    console.log
      [CarbonGoals] Response status: undefined

      at log (components/carbon/CarbonFootprintGoals.tsx:58:17)

    console.log
      [CarbonGoals] API response: {
        goals: [
          {
            id: '1',
            targetReductionPercentage: 20,
            targetDate: '2026-06-14T09:54:02.850Z',
            baselineTotalKgCo2: 5000
          }
        ]
      }

      at log (components/carbon/CarbonFootprintGoals.tsx:61:19)

TypeError: Cannot read properties of null (reading '_location')
    at Window.get location [as location] 
(C:\Users\saran\OneDrive\Desktop\ecoloop\node_modules\jsdom\lib\jsdom\browser\Window.js:420:79)
    at C:\Users\saran\OneDrive\Desktop\ecoloop\node_modules\jsdom\lib\jsdom\browser\Window.js:615:43
    at node:internal/process/task_queues:140:7
    at AsyncResource.runInAsyncScope (node:async_hooks:206:9)
    at AsyncResource.runMicrotask (node:internal/process/task_queues:137:8)
    at processTicksAndRejections (node:internal/process/task_queues:95:5)
PASS components/ui/__tests__/input.test.tsx
PASS components/carbon/CarbonFootprintCharts.test.tsx
  ΓùÅ Console

    console.error
      The tag <stop> is unrecognized in this browser. If you meant to render a React component, start its name with an 
uppercase letter.

    [0m [90m 32 |[39m
     [90m 33 |[39m   it([32m'renders charts when result is provided'[39m[33m,[39m () [33m=>[39m {
    [31m[1m>[22m[39m[90m 34 |[39m     render([33m<[39m[33mCarbonFootprintCharts[39m 
result[33m=[39m{mockResult} [33m/[39m[33m>[39m)[33m;[39m
     [90m    |[39m           [31m[1m^[22m[39m
     [90m 35 |[39m     
     [90m 36 |[39m     expect(screen[33m.[39mgetAllByText([35m/Footprint 
Breakdown/i[39m))[33m.[39mtoHaveLength([35m2[39m)[33m;[39m
     [90m 37 |[39m     
expect(screen[33m.[39mgetByTestId([32m'pie-chart'[39m))[33m.[39mtoBeInTheDocument()[33m;[39m[0m

      at completeWork (node_modules/react-dom/cjs/react-dom-client.development.js:12621:37)
      at runWithFiberInDEV (node_modules/react-dom/cjs/react-dom-client.development.js:874:13)
      at completeUnitOfWork (node_modules/react-dom/cjs/react-dom-client.development.js:17777:19)
      at performUnitOfWork (node_modules/react-dom/cjs/react-dom-client.development.js:17658:11)
      at workLoopSync (node_modules/react-dom/cjs/react-dom-client.development.js:17469:41)
      at renderRootSync (node_modules/react-dom/cjs/react-dom-client.development.js:17450:11)
      at performWorkOnRoot (node_modules/react-dom/cjs/react-dom-client.development.js:16504:11)
      at performWorkOnRootViaSchedulerTask (node_modules/react-dom/cjs/react-dom-client.development.js:18957:7)
      at flushActQueue (node_modules/react/cjs/react.development.js:590:34)
      at process.env.NODE_ENV.exports.act (node_modules/react/cjs/react.development.js:884:10)
      at node_modules/@testing-library/react/dist/act-compat.js:46:25
      at renderRoot (node_modules/@testing-library/react/dist/pure.js:189:26)
      at render (node_modules/@testing-library/react/dist/pure.js:291:10)
      at Object.<anonymous> (components/carbon/CarbonFootprintCharts.test.tsx:34:11)

    console.error
      <linearGradient /> is using incorrect casing. Use PascalCase for React components, or lowercase for HTML 
elements.

    [0m [90m 32 |[39m
     [90m 33 |[39m   it([32m'renders charts when result is provided'[39m[33m,[39m () [33m=>[39m {
    [31m[1m>[22m[39m[90m 34 |[39m     render([33m<[39m[33mCarbonFootprintCharts[39m 
result[33m=[39m{mockResult} [33m/[39m[33m>[39m)[33m;[39m
     [90m    |[39m           [31m[1m^[22m[39m
     [90m 35 |[39m     
     [90m 36 |[39m     expect(screen[33m.[39mgetAllByText([35m/Footprint 
Breakdown/i[39m))[33m.[39mtoHaveLength([35m2[39m)[33m;[39m
     [90m 37 |[39m     
expect(screen[33m.[39mgetByTestId([32m'pie-chart'[39m))[33m.[39mtoBeInTheDocument()[33m;[39m[0m

      at completeWork (node_modules/react-dom/cjs/react-dom-client.development.js:12613:37)
      at runWithFiberInDEV (node_modules/react-dom/cjs/react-dom-client.development.js:874:13)
      at completeUnitOfWork (node_modules/react-dom/cjs/react-dom-client.development.js:17777:19)
      at performUnitOfWork (node_modules/react-dom/cjs/react-dom-client.development.js:17658:11)
      at workLoopSync (node_modules/react-dom/cjs/react-dom-client.development.js:17469:41)
      at renderRootSync (node_modules/react-dom/cjs/react-dom-client.development.js:17450:11)
      at performWorkOnRoot (node_modules/react-dom/cjs/react-dom-client.development.js:16504:11)
      at performWorkOnRootViaSchedulerTask (node_modules/react-dom/cjs/react-dom-client.development.js:18957:7)
      at flushActQueue (node_modules/react/cjs/react.development.js:590:34)
      at process.env.NODE_ENV.exports.act (node_modules/react/cjs/react.development.js:884:10)
      at node_modules/@testing-library/react/dist/act-compat.js:46:25
      at renderRoot (node_modules/@testing-library/react/dist/pure.js:189:26)
      at render (node_modules/@testing-library/react/dist/pure.js:291:10)
      at Object.<anonymous> (components/carbon/CarbonFootprintCharts.test.tsx:34:11)

    console.error
      The tag <linearGradient> is unrecognized in this browser. If you meant to render a React component, start its 
name with an uppercase letter.

    [0m [90m 32 |[39m
     [90m 33 |[39m   it([32m'renders charts when result is provided'[39m[33m,[39m () [33m=>[39m {
    [31m[1m>[22m[39m[90m 34 |[39m     render([33m<[39m[33mCarbonFootprintCharts[39m 
result[33m=[39m{mockResult} [33m/[39m[33m>[39m)[33m;[39m
     [90m    |[39m           [31m[1m^[22m[39m
     [90m 35 |[39m     
     [90m 36 |[39m     expect(screen[33m.[39mgetAllByText([35m/Footprint 
Breakdown/i[39m))[33m.[39mtoHaveLength([35m2[39m)[33m;[39m
     [90m 37 |[39m     
expect(screen[33m.[39mgetByTestId([32m'pie-chart'[39m))[33m.[39mtoBeInTheDocument()[33m;[39m[0m

      at completeWork (node_modules/react-dom/cjs/react-dom-client.development.js:12621:37)
      at runWithFiberInDEV (node_modules/react-dom/cjs/react-dom-client.development.js:874:13)
      at completeUnitOfWork (node_modules/react-dom/cjs/react-dom-client.development.js:17777:19)
      at performUnitOfWork (node_modules/react-dom/cjs/react-dom-client.development.js:17658:11)
      at workLoopSync (node_modules/react-dom/cjs/react-dom-client.development.js:17469:41)
      at renderRootSync (node_modules/react-dom/cjs/react-dom-client.development.js:17450:11)
      at performWorkOnRoot (node_modules/react-dom/cjs/react-dom-client.development.js:16504:11)
      at performWorkOnRootViaSchedulerTask (node_modules/react-dom/cjs/react-dom-client.development.js:18957:7)
      at flushActQueue (node_modules/react/cjs/react.development.js:590:34)
      at process.env.NODE_ENV.exports.act (node_modules/react/cjs/react.development.js:884:10)
      at node_modules/@testing-library/react/dist/act-compat.js:46:25
      at renderRoot (node_modules/@testing-library/react/dist/pure.js:189:26)
      at render (node_modules/@testing-library/react/dist/pure.js:291:10)
      at Object.<anonymous> (components/carbon/CarbonFootprintCharts.test.tsx:34:11)

    console.error
      <linearGradient /> is using incorrect casing. Use PascalCase for React components, or lowercase for HTML 
elements.

    [0m [90m 32 |[39m
     [90m 33 |[39m   it([32m'renders charts when result is provided'[39m[33m,[39m () [33m=>[39m {
    [31m[1m>[22m[39m[90m 34 |[39m     render([33m<[39m[33mCarbonFootprintCharts[39m 
result[33m=[39m{mockResult} [33m/[39m[33m>[39m)[33m;[39m
     [90m    |[39m           [31m[1m^[22m[39m
     [90m 35 |[39m     
     [90m 36 |[39m     expect(screen[33m.[39mgetAllByText([35m/Footprint 
Breakdown/i[39m))[33m.[39mtoHaveLength([35m2[39m)[33m;[39m
     [90m 37 |[39m     
expect(screen[33m.[39mgetByTestId([32m'pie-chart'[39m))[33m.[39mtoBeInTheDocument()[33m;[39m[0m

      at completeWork (node_modules/react-dom/cjs/react-dom-client.development.js:12613:37)
      at runWithFiberInDEV (node_modules/react-dom/cjs/react-dom-client.development.js:874:13)
      at completeUnitOfWork (node_modules/react-dom/cjs/react-dom-client.development.js:17777:19)
      at performUnitOfWork (node_modules/react-dom/cjs/react-dom-client.development.js:17658:11)
      at workLoopSync (node_modules/react-dom/cjs/react-dom-client.development.js:17469:41)
      at renderRootSync (node_modules/react-dom/cjs/react-dom-client.development.js:17450:11)
      at performWorkOnRoot (node_modules/react-dom/cjs/react-dom-client.development.js:16504:11)
      at performWorkOnRootViaSchedulerTask (node_modules/react-dom/cjs/react-dom-client.development.js:18957:7)
      at flushActQueue (node_modules/react/cjs/react.development.js:590:34)
      at process.env.NODE_ENV.exports.act (node_modules/react/cjs/react.development.js:884:10)
      at node_modules/@testing-library/react/dist/act-compat.js:46:25
      at renderRoot (node_modules/@testing-library/react/dist/pure.js:189:26)
      at render (node_modules/@testing-library/react/dist/pure.js:291:10)
      at Object.<anonymous> (components/carbon/CarbonFootprintCharts.test.tsx:34:11)

    console.error
      <linearGradient /> is using incorrect casing. Use PascalCase for React components, or lowercase for HTML 
elements.

    [0m [90m 32 |[39m
     [90m 33 |[39m   it([32m'renders charts when result is provided'[39m[33m,[39m () [33m=>[39m {
    [31m[1m>[22m[39m[90m 34 |[39m     render([33m<[39m[33mCarbonFootprintCharts[39m 
result[33m=[39m{mockResult} [33m/[39m[33m>[39m)[33m;[39m
     [90m    |[39m           [31m[1m^[22m[39m
     [90m 35 |[39m     
     [90m 36 |[39m     expect(screen[33m.[39mgetAllByText([35m/Footprint 
Breakdown/i[39m))[33m.[39mtoHaveLength([35m2[39m)[33m;[39m
     [90m 37 |[39m     
expect(screen[33m.[39mgetByTestId([32m'pie-chart'[39m))[33m.[39mtoBeInTheDocument()[33m;[39m[0m

      at completeWork (node_modules/react-dom/cjs/react-dom-client.development.js:12613:37)
      at runWithFiberInDEV (node_modules/react-dom/cjs/react-dom-client.development.js:874:13)
      at completeUnitOfWork (node_modules/react-dom/cjs/react-dom-client.development.js:17777:19)
      at performUnitOfWork (node_modules/react-dom/cjs/react-dom-client.development.js:17658:11)
      at workLoopSync (node_modules/react-dom/cjs/react-dom-client.development.js:17469:41)
      at renderRootSync (node_modules/react-dom/cjs/react-dom-client.development.js:17450:11)
      at performWorkOnRoot (node_modules/react-dom/cjs/react-dom-client.development.js:16504:11)
      at performWorkOnRootViaSchedulerTask (node_modules/react-dom/cjs/react-dom-client.development.js:18957:7)
      at flushActQueue (node_modules/react/cjs/react.development.js:590:34)
      at process.env.NODE_ENV.exports.act (node_modules/react/cjs/react.development.js:884:10)
      at node_modules/@testing-library/react/dist/act-compat.js:46:25
      at renderRoot (node_modules/@testing-library/react/dist/pure.js:189:26)
      at render (node_modules/@testing-library/react/dist/pure.js:291:10)
      at Object.<anonymous> (components/carbon/CarbonFootprintCharts.test.tsx:34:11)

    console.error
      <linearGradient /> is using incorrect casing. Use PascalCase for React components, or lowercase for HTML 
elements.

    [0m [90m 32 |[39m
     [90m 33 |[39m   it([32m'renders charts when result is provided'[39m[33m,[39m () [33m=>[39m {
    [31m[1m>[22m[39m[90m 34 |[39m     render([33m<[39m[33mCarbonFootprintCharts[39m 
result[33m=[39m{mockResult} [33m/[39m[33m>[39m)[33m;[39m
     [90m    |[39m           [31m[1m^[22m[39m
     [90m 35 |[39m     
     [90m 36 |[39m     expect(screen[33m.[39mgetAllByText([35m/Footprint 
Breakdown/i[39m))[33m.[39mtoHaveLength([35m2[39m)[33m;[39m
     [90m 37 |[39m     
expect(screen[33m.[39mgetByTestId([32m'pie-chart'[39m))[33m.[39mtoBeInTheDocument()[33m;[39m[0m

      at completeWork (node_modules/react-dom/cjs/react-dom-client.development.js:12613:37)
      at runWithFiberInDEV (node_modules/react-dom/cjs/react-dom-client.development.js:874:13)
      at completeUnitOfWork (node_modules/react-dom/cjs/react-dom-client.development.js:17777:19)
      at performUnitOfWork (node_modules/react-dom/cjs/react-dom-client.development.js:17658:11)
      at workLoopSync (node_modules/react-dom/cjs/react-dom-client.development.js:17469:41)
      at renderRootSync (node_modules/react-dom/cjs/react-dom-client.development.js:17450:11)
      at performWorkOnRoot (node_modules/react-dom/cjs/react-dom-client.development.js:16504:11)
      at performWorkOnRootViaSchedulerTask (node_modules/react-dom/cjs/react-dom-client.development.js:18957:7)
      at flushActQueue (node_modules/react/cjs/react.development.js:590:34)
      at process.env.NODE_ENV.exports.act (node_modules/react/cjs/react.development.js:884:10)
      at node_modules/@testing-library/react/dist/act-compat.js:46:25
      at renderRoot (node_modules/@testing-library/react/dist/pure.js:189:26)
      at render (node_modules/@testing-library/react/dist/pure.js:291:10)
      at Object.<anonymous> (components/carbon/CarbonFootprintCharts.test.tsx:34:11)

    console.error
      The tag <defs> is unrecognized in this browser. If you meant to render a React component, start its name with an 
uppercase letter.

    [0m [90m 32 |[39m
     [90m 33 |[39m   it([32m'renders charts when result is provided'[39m[33m,[39m () [33m=>[39m {
    [31m[1m>[22m[39m[90m 34 |[39m     render([33m<[39m[33mCarbonFootprintCharts[39m 
result[33m=[39m{mockResult} [33m/[39m[33m>[39m)[33m;[39m
     [90m    |[39m           [31m[1m^[22m[39m
     [90m 35 |[39m     
     [90m 36 |[39m     expect(screen[33m.[39mgetAllByText([35m/Footprint 
Breakdown/i[39m))[33m.[39mtoHaveLength([35m2[39m)[33m;[39m
     [90m 37 |[39m     
expect(screen[33m.[39mgetByTestId([32m'pie-chart'[39m))[33m.[39mtoBeInTheDocument()[33m;[39m[0m

      at completeWork (node_modules/react-dom/cjs/react-dom-client.development.js:12621:37)
      at runWithFiberInDEV (node_modules/react-dom/cjs/react-dom-client.development.js:874:13)
      at completeUnitOfWork (node_modules/react-dom/cjs/react-dom-client.development.js:17777:19)
      at performUnitOfWork (node_modules/react-dom/cjs/react-dom-client.development.js:17658:11)
      at workLoopSync (node_modules/react-dom/cjs/react-dom-client.development.js:17469:41)
      at renderRootSync (node_modules/react-dom/cjs/react-dom-client.development.js:17450:11)
      at performWorkOnRoot (node_modules/react-dom/cjs/react-dom-client.development.js:16504:11)
      at performWorkOnRootViaSchedulerTask (node_modules/react-dom/cjs/react-dom-client.development.js:18957:7)
      at flushActQueue (node_modules/react/cjs/react.development.js:590:34)
      at process.env.NODE_ENV.exports.act (node_modules/react/cjs/react.development.js:884:10)
      at node_modules/@testing-library/react/dist/act-compat.js:46:25
      at renderRoot (node_modules/@testing-library/react/dist/pure.js:189:26)
      at render (node_modules/@testing-library/react/dist/pure.js:291:10)
      at Object.<anonymous> (components/carbon/CarbonFootprintCharts.test.tsx:34:11)

PASS components/dashboard/ScanListItem.test.tsx
PASS hooks/useFirestore.test.ts
PASS hooks/useFocusTrap.test.ts
PASS components/RouteFocusManager.test.tsx
PASS components/ErrorBoundary.test.tsx
PASS components/ui/__tests__/badge.test.tsx
PASS components/dashboard/ProjectListItem.test.tsx
PASS app/dashboard/carbon/page.test.tsx
PASS hooks/useAuth.test.ts
PASS components/ui/__tests__/card.test.tsx
PASS hooks/useInfiniteScroll.test.tsx
PASS components/ui/VirtualizedList.test.tsx
  ΓùÅ Console

    console.error
      Each child in a list should have a unique "key" prop.
      
      Check the render method of `List`. See https://react.dev/link/warning-keys for more information.

    [0m [90m 25 |[39m
     [90m 26 |[39m   it([32m'renders items correctly via the renderItem prop'[39m[33m,[39m () [33m=>[39m {
    [31m[1m>[22m[39m[90m 27 |[39m     render(
     [90m    |[39m           [31m[1m^[22m[39m
     [90m 28 |[39m       [33m<[39m[33mVirtualizedList[39m
     [90m 29 |[39m         items[33m=[39m{items}
     [90m 30 |[39m         itemHeight[33m=[39m{[35m50[39m}[0m

      at node_modules/react-dom/cjs/react-dom-client.development.js:26084:21
      at runWithFiberInDEV (node_modules/react-dom/cjs/react-dom-client.development.js:874:13)
      at warnForMissingKey (node_modules/react-dom/cjs/react-dom-client.development.js:26083:11)
      at warnOnInvalidKey (node_modules/react-dom/cjs/react-dom-client.development.js:6591:13)
      at reconcileChildrenArray (node_modules/react-dom/cjs/react-dom-client.development.js:6672:31)
      at reconcileChildFibersImpl (node_modules/react-dom/cjs/react-dom-client.development.js:6993:30)
      at node_modules/react-dom/cjs/react-dom-client.development.js:7098:33
      at reconcileChildren (node_modules/react-dom/cjs/react-dom-client.development.js:9701:13)
      at beginWork (node_modules/react-dom/cjs/react-dom-client.development.js:12049:13)
      at runWithFiberInDEV (node_modules/react-dom/cjs/react-dom-client.development.js:874:13)
      at performUnitOfWork (node_modules/react-dom/cjs/react-dom-client.development.js:17641:22)
      at workLoopSync (node_modules/react-dom/cjs/react-dom-client.development.js:17469:41)
      at renderRootSync (node_modules/react-dom/cjs/react-dom-client.development.js:17450:11)
      at performWorkOnRoot (node_modules/react-dom/cjs/react-dom-client.development.js:16504:11)
      at performWorkOnRootViaSchedulerTask (node_modules/react-dom/cjs/react-dom-client.development.js:18957:7)
      at flushActQueue (node_modules/react/cjs/react.development.js:590:34)
      at process.env.NODE_ENV.exports.act (node_modules/react/cjs/react.development.js:884:10)
      at node_modules/@testing-library/react/dist/act-compat.js:46:25
      at renderRoot (node_modules/@testing-library/react/dist/pure.js:189:26)
      at render (node_modules/@testing-library/react/dist/pure.js:291:10)
      at Object.<anonymous> (components/ui/VirtualizedList.test.tsx:27:11)

PASS hooks/__tests__/useAuth.test.tsx
PASS app/api/award-points/route.test.ts
TypeError: Cannot read properties of null (reading '_location')
    at Window.get location [as location] 
(C:\Users\saran\OneDrive\Desktop\ecoloop\node_modules\jsdom\lib\jsdom\browser\Window.js:420:79)
    at C:\Users\saran\OneDrive\Desktop\ecoloop\node_modules\jsdom\lib\jsdom\browser\Window.js:615:43
    at node:internal/process/task_queues:140:7
    at AsyncResource.runInAsyncScope (node:async_hooks:206:9)
    at AsyncResource.runMicrotask (node:internal/process/task_queues:137:8)
    at processTicksAndRejections (node:internal/process/task_queues:95:5)
PASS lib/__tests__/api-error.test.ts
  ΓùÅ Console

    console.error
      Unhandled error: Error: Generic error
          at Object.<anonymous> (C:\Users\saran\OneDrive\Desktop\ecoloop\lib\__tests__\api-error.test.ts:84:19)
          at Promise.finally.completed 
(C:\Users\saran\OneDrive\Desktop\ecoloop\node_modules\jest-circus\build\jestAdapterInit.js:1561:28)
          at new Promise (<anonymous>)
          at callAsyncCircusFn 
(C:\Users\saran\OneDrive\Desktop\ecoloop\node_modules\jest-circus\build\jestAdapterInit.js:1501:10)
          at _callCircusTest 
(C:\Users\saran\OneDrive\Desktop\ecoloop\node_modules\jest-circus\build\jestAdapterInit.js:1011:40)
          at processTicksAndRejections (node:internal/process/task_queues:95:5)
          at _runTest (C:\Users\saran\OneDrive\Desktop\ecoloop\node_modules\jest-circus\build\jestAdapterInit.js:951:3)
          at C:\Users\saran\OneDrive\Desktop\ecoloop\node_modules\jest-circus\build\jestAdapterInit.js:853:7
          at _runTestsForDescribeBlock 
(C:\Users\saran\OneDrive\Desktop\ecoloop\node_modules\jest-circus\build\jestAdapterInit.js:866:11)
          at _runTestsForDescribeBlock 
(C:\Users\saran\OneDrive\Desktop\ecoloop\node_modules\jest-circus\build\jestAdapterInit.js:861:11)
          at run (C:\Users\saran\OneDrive\Desktop\ecoloop\node_modules\jest-circus\build\jestAdapterInit.js:765:3)
          at runAndTransformResultsToJestFormat 
(C:\Users\saran\OneDrive\Desktop\ecoloop\node_modules\jest-circus\build\jestAdapterInit.js:1993:21)
          at jestAdapter (C:\Users\saran\OneDrive\Desktop\ecoloop\node_modules\jest-circus\build\runner.js:111:19)
          at runTestInternal 
(C:\Users\saran\OneDrive\Desktop\ecoloop\node_modules\jest-runner\build\testWorker.js:276:16)
          at runTest (C:\Users\saran\OneDrive\Desktop\ecoloop\node_modules\jest-runner\build\testWorker.js:344:7)
          at Object.worker 
(C:\Users\saran\OneDrive\Desktop\ecoloop\node_modules\jest-runner\build\testWorker.js:498:12)

    [0m [90m 45 |[39m
     [90m 46 |[39m   [36mif[39m (error [36minstanceof[39m [33mError[39m) {
    [31m[1m>[22m[39m[90m 47 |[39m     console[33m.[39merror([32m'Unhandled error:'[39m[33m,[39m 
error)[33m;[39m
     [90m    |[39m             [31m[1m^[22m[39m
     [90m 48 |[39m     [36mreturn[39m [33mResponse[39m[33m.[39mjson(
     [90m 49 |[39m       
[33mApiError[39m[33m.[39minternal(error[33m.[39mmessage)[33m.[39mtoResponse()[33m,[39m
     [90m 50 |[39m       { status[33m:[39m [35m500[39m }[0m

      at error (lib/api-error.ts:47:13)
      at Object.<anonymous> (lib/__tests__/api-error.test.ts:85:42)

    console.error
      Unknown error: string error

    [0m [90m 52 |[39m   }
     [90m 53 |[39m
    [31m[1m>[22m[39m[90m 54 |[39m   console[33m.[39merror([32m'Unknown error:'[39m[33m,[39m 
error)[33m;[39m
     [90m    |[39m           [31m[1m^[22m[39m
     [90m 55 |[39m   [36mreturn[39m [33mResponse[39m[33m.[39mjson(
     [90m 56 |[39m     [33mApiError[39m[33m.[39minternal([32m'An unknown error 
occurred'[39m)[33m.[39mtoResponse()[33m,[39m
     [90m 57 |[39m     { status[33m:[39m [35m500[39m }[0m

      at error (lib/api-error.ts:54:11)
      at Object.<anonymous> (lib/__tests__/api-error.test.ts:94:42)

    console.error
      Unknown error: null

    [0m [90m 52 |[39m   }
     [90m 53 |[39m
    [31m[1m>[22m[39m[90m 54 |[39m   console[33m.[39merror([32m'Unknown error:'[39m[33m,[39m 
error)[33m;[39m
     [90m    |[39m           [31m[1m^[22m[39m
     [90m 55 |[39m   [36mreturn[39m [33mResponse[39m[33m.[39mjson(
     [90m 56 |[39m     [33mApiError[39m[33m.[39minternal([32m'An unknown error 
occurred'[39m)[33m.[39mtoResponse()[33m,[39m
     [90m 57 |[39m     { status[33m:[39m [35m500[39m }[0m

      at error (lib/api-error.ts:54:11)
      at Object.<anonymous> (lib/__tests__/api-error.test.ts:103:42)

    console.error
      Unhandled error: Error: Handler error
          at Object.<anonymous> (C:\Users\saran\OneDrive\Desktop\ecoloop\lib\__tests__\api-error.test.ts:124:49)
          at Promise.finally.completed 
(C:\Users\saran\OneDrive\Desktop\ecoloop\node_modules\jest-circus\build\jestAdapterInit.js:1561:28)
          at new Promise (<anonymous>)
          at callAsyncCircusFn 
(C:\Users\saran\OneDrive\Desktop\ecoloop\node_modules\jest-circus\build\jestAdapterInit.js:1501:10)
          at _callCircusTest 
(C:\Users\saran\OneDrive\Desktop\ecoloop\node_modules\jest-circus\build\jestAdapterInit.js:1011:40)
          at processTicksAndRejections (node:internal/process/task_queues:95:5)
          at _runTest (C:\Users\saran\OneDrive\Desktop\ecoloop\node_modules\jest-circus\build\jestAdapterInit.js:951:3)
          at C:\Users\saran\OneDrive\Desktop\ecoloop\node_modules\jest-circus\build\jestAdapterInit.js:853:7
          at _runTestsForDescribeBlock 
(C:\Users\saran\OneDrive\Desktop\ecoloop\node_modules\jest-circus\build\jestAdapterInit.js:866:11)
          at _runTestsForDescribeBlock 
(C:\Users\saran\OneDrive\Desktop\ecoloop\node_modules\jest-circus\build\jestAdapterInit.js:861:11)
          at run (C:\Users\saran\OneDrive\Desktop\ecoloop\node_modules\jest-circus\build\jestAdapterInit.js:765:3)
          at runAndTransformResultsToJestFormat 
(C:\Users\saran\OneDrive\Desktop\ecoloop\node_modules\jest-circus\build\jestAdapterInit.js:1993:21)
          at jestAdapter (C:\Users\saran\OneDrive\Desktop\ecoloop\node_modules\jest-circus\build\runner.js:111:19)
          at runTestInternal 
(C:\Users\saran\OneDrive\Desktop\ecoloop\node_modules\jest-runner\build\testWorker.js:276:16)
          at runTest (C:\Users\saran\OneDrive\Desktop\ecoloop\node_modules\jest-runner\build\testWorker.js:344:7)
          at Object.worker 
(C:\Users\saran\OneDrive\Desktop\ecoloop\node_modules\jest-runner\build\testWorker.js:498:12)

    [0m [90m 45 |[39m
     [90m 46 |[39m   [36mif[39m (error [36minstanceof[39m [33mError[39m) {
    [31m[1m>[22m[39m[90m 47 |[39m     console[33m.[39merror([32m'Unhandled error:'[39m[33m,[39m 
error)[33m;[39m
     [90m    |[39m             [31m[1m^[22m[39m
     [90m 48 |[39m     [36mreturn[39m [33mResponse[39m[33m.[39mjson(
     [90m 49 |[39m       
[33mApiError[39m[33m.[39minternal(error[33m.[39mmessage)[33m.[39mtoResponse()[33m,[39m
     [90m 50 |[39m       { status[33m:[39m [35m500[39m }[0m

      at error (lib/api-error.ts:47:13)
      at handleApiError (lib/api-error.ts:68:14)
      at Object.<anonymous> (lib/__tests__/api-error.test.ts:127:20)

PASS lib/carbonCalculations.test.ts
PASS lib/utils.test.ts
PASS lib/__tests__/auth-verify.test.ts
  ΓùÅ Console

    console.error
      [auth-verify] Firebase Admin Auth not initialized

    [0m [90m 4 |[39m   [36mconst[39m auth [33m=[39m getAdminAuth()[33m;[39m
     [90m 5 |[39m   [36mif[39m ([33m![39mauth) {
    [31m[1m>[22m[39m[90m 6 |[39m     console[33m.[39merror([32m'[auth-verify] Firebase Admin Auth not 
initialized'[39m)[33m;[39m
     [90m   |[39m             [31m[1m^[22m[39m
     [90m 7 |[39m     [36mthrow[39m [36mnew[39m [33mError[39m([32m'Firebase Admin Auth not 
initialized'[39m)[33m;[39m
     [90m 8 |[39m   }
     [90m 9 |[39m   [36mtry[39m {[0m

      at error (lib/auth-verify.ts:6:13)
      at Object.<anonymous> (lib/__tests__/auth-verify.test.ts:37:33)

    console.error
      [auth-verify] Token verification failed: Error: Invalid token
          at Object.<anonymous> (C:\Users\saran\OneDrive\Desktop\ecoloop\lib\__tests__\auth-verify.test.ts:41:21)
          at Promise.finally.completed 
(C:\Users\saran\OneDrive\Desktop\ecoloop\node_modules\jest-circus\build\jestAdapterInit.js:1561:28)
          at new Promise (<anonymous>)
          at callAsyncCircusFn 
(C:\Users\saran\OneDrive\Desktop\ecoloop\node_modules\jest-circus\build\jestAdapterInit.js:1501:10)
          at _callCircusTest 
(C:\Users\saran\OneDrive\Desktop\ecoloop\node_modules\jest-circus\build\jestAdapterInit.js:1011:40)
          at processTicksAndRejections (node:internal/process/task_queues:95:5)
          at _runTest (C:\Users\saran\OneDrive\Desktop\ecoloop\node_modules\jest-circus\build\jestAdapterInit.js:951:3)
          at C:\Users\saran\OneDrive\Desktop\ecoloop\node_modules\jest-circus\build\jestAdapterInit.js:853:7
          at _runTestsForDescribeBlock 
(C:\Users\saran\OneDrive\Desktop\ecoloop\node_modules\jest-circus\build\jestAdapterInit.js:866:11)
          at _runTestsForDescribeBlock 
(C:\Users\saran\OneDrive\Desktop\ecoloop\node_modules\jest-circus\build\jestAdapterInit.js:861:11)
          at _runTestsForDescribeBlock 
(C:\Users\saran\OneDrive\Desktop\ecoloop\node_modules\jest-circus\build\jestAdapterInit.js:861:11)
          at run (C:\Users\saran\OneDrive\Desktop\ecoloop\node_modules\jest-circus\build\jestAdapterInit.js:765:3)
          at runAndTransformResultsToJestFormat 
(C:\Users\saran\OneDrive\Desktop\ecoloop\node_modules\jest-circus\build\jestAdapterInit.js:1993:21)
          at jestAdapter (C:\Users\saran\OneDrive\Desktop\ecoloop\node_modules\jest-circus\build\runner.js:111:19)
          at runTestInternal 
(C:\Users\saran\OneDrive\Desktop\ecoloop\node_modules\jest-runner\build\testWorker.js:276:16)
          at runTest (C:\Users\saran\OneDrive\Desktop\ecoloop\node_modules\jest-runner\build\testWorker.js:344:7)
          at Object.worker 
(C:\Users\saran\OneDrive\Desktop\ecoloop\node_modules\jest-runner\build\testWorker.js:498:12)

    [0m [90m 10 |[39m     [36mreturn[39m [36mawait[39m auth[33m.[39mverifyIdToken(token)[33m;[39m
     [90m 11 |[39m   } [36mcatch[39m (e) {
    [31m[1m>[22m[39m[90m 12 |[39m     console[33m.[39merror([32m'[auth-verify] Token verification 
failed:'[39m[33m,[39m e)[33m;[39m
     [90m    |[39m             [31m[1m^[22m[39m
     [90m 13 |[39m     [36mthrow[39m e[33m;[39m
     [90m 14 |[39m   }
     [90m 15 |[39m }[0m

      at error (lib/auth-verify.ts:12:13)
      at Object.<anonymous> (lib/__tests__/auth-verify.test.ts:44:7)

    console.log
      [auth-verify] Verifying token, length: 11

      at log (lib/auth-verify.ts:23:11)

    console.log
      [auth-verify] Token verified for uid: user-1

      at log (lib/auth-verify.ts:25:11)

    console.error
      [auth-verify] Missing authorization header

    [0m [90m 17 |[39m [36mexport[39m [36masync[39m [36mfunction[39m 
getUidFromAuthHeader(authHeader[33m:[39m string [33m|[39m [36mnull[39m)[33m:[39m 
[33mPromise[39m[33m<[39m[33mstring[39m[33m>[39m {
     [90m 18 |[39m   [36mif[39m ([33m![39mauthHeader) {
    [31m[1m>[22m[39m[90m 19 |[39m     console[33m.[39merror([32m'[auth-verify] Missing authorization 
header'[39m)[33m;[39m
     [90m    |[39m             [31m[1m^[22m[39m
     [90m 20 |[39m     [36mthrow[39m [36mnew[39m [33mError[39m([32m'Missing authorization 
header'[39m)[33m;[39m
     [90m 21 |[39m   }
     [90m 22 |[39m   [36mconst[39m token [33m=[39m authHeader[33m.[39mreplace([35m/^Bearer /i[39m[33m,[39m 
[32m''[39m)[33m;[39m[0m

      at error (lib/auth-verify.ts:19:13)
      at Object.<anonymous> (lib/__tests__/auth-verify.test.ts:60:40)

    console.error
      [auth-verify] Missing authorization header

    [0m [90m 17 |[39m [36mexport[39m [36masync[39m [36mfunction[39m 
getUidFromAuthHeader(authHeader[33m:[39m string [33m|[39m [36mnull[39m)[33m:[39m 
[33mPromise[39m[33m<[39m[33mstring[39m[33m>[39m {
     [90m 18 |[39m   [36mif[39m ([33m![39mauthHeader) {
    [31m[1m>[22m[39m[90m 19 |[39m     console[33m.[39merror([32m'[auth-verify] Missing authorization 
header'[39m)[33m;[39m
     [90m    |[39m             [31m[1m^[22m[39m
     [90m 20 |[39m     [36mthrow[39m [36mnew[39m [33mError[39m([32m'Missing authorization 
header'[39m)[33m;[39m
     [90m 21 |[39m   }
     [90m 22 |[39m   [36mconst[39m token [33m=[39m authHeader[33m.[39mreplace([35m/^Bearer /i[39m[33m,[39m 
[32m''[39m)[33m;[39m[0m

      at error (lib/auth-verify.ts:19:13)
      at Object.<anonymous> (lib/__tests__/auth-verify.test.ts:64:40)

    console.log
      [auth-verify] Verifying token, length: 11

      at log (lib/auth-verify.ts:23:11)

    console.log
      [auth-verify] Token verified for uid: user-1

      at log (lib/auth-verify.ts:25:11)

    console.log
      [auth-verify] Verifying token, length: 11

      at log (lib/auth-verify.ts:23:11)

    console.log
      [auth-verify] Token verified for uid: user-1

      at log (lib/auth-verify.ts:25:11)

    console.log
      [auth-verify] Verifying token, length: 13

      at log (lib/auth-verify.ts:23:11)

    console.error
      [auth-verify] Token verification failed: Error: Invalid token
          at Object.<anonymous> (C:\Users\saran\OneDrive\Desktop\ecoloop\lib\__tests__\auth-verify.test.ts:79:21)
          at Promise.finally.completed 
(C:\Users\saran\OneDrive\Desktop\ecoloop\node_modules\jest-circus\build\jestAdapterInit.js:1561:28)
          at new Promise (<anonymous>)
          at callAsyncCircusFn 
(C:\Users\saran\OneDrive\Desktop\ecoloop\node_modules\jest-circus\build\jestAdapterInit.js:1501:10)
          at _callCircusTest 
(C:\Users\saran\OneDrive\Desktop\ecoloop\node_modules\jest-circus\build\jestAdapterInit.js:1011:40)
          at processTicksAndRejections (node:internal/process/task_queues:95:5)
          at _runTest (C:\Users\saran\OneDrive\Desktop\ecoloop\node_modules\jest-circus\build\jestAdapterInit.js:951:3)
          at C:\Users\saran\OneDrive\Desktop\ecoloop\node_modules\jest-circus\build\jestAdapterInit.js:853:7
          at _runTestsForDescribeBlock 
(C:\Users\saran\OneDrive\Desktop\ecoloop\node_modules\jest-circus\build\jestAdapterInit.js:866:11)
          at _runTestsForDescribeBlock 
(C:\Users\saran\OneDrive\Desktop\ecoloop\node_modules\jest-circus\build\jestAdapterInit.js:861:11)
          at _runTestsForDescribeBlock 
(C:\Users\saran\OneDrive\Desktop\ecoloop\node_modules\jest-circus\build\jestAdapterInit.js:861:11)
          at run (C:\Users\saran\OneDrive\Desktop\ecoloop\node_modules\jest-circus\build\jestAdapterInit.js:765:3)
          at runAndTransformResultsToJestFormat 
(C:\Users\saran\OneDrive\Desktop\ecoloop\node_modules\jest-circus\build\jestAdapterInit.js:1993:21)
          at jestAdapter (C:\Users\saran\OneDrive\Desktop\ecoloop\node_modules\jest-circus\build\runner.js:111:19)
          at runTestInternal 
(C:\Users\saran\OneDrive\Desktop\ecoloop\node_modules\jest-runner\build\testWorker.js:276:16)
          at runTest (C:\Users\saran\OneDrive\Desktop\ecoloop\node_modules\jest-runner\build\testWorker.js:344:7)
          at Object.worker 
(C:\Users\saran\OneDrive\Desktop\ecoloop\node_modules\jest-runner\build\testWorker.js:498:12)

    [0m [90m 10 |[39m     [36mreturn[39m [36mawait[39m auth[33m.[39mverifyIdToken(token)[33m;[39m
     [90m 11 |[39m   } [36mcatch[39m (e) {
    [31m[1m>[22m[39m[90m 12 |[39m     console[33m.[39merror([32m'[auth-verify] Token verification 
failed:'[39m[33m,[39m e)[33m;[39m
     [90m    |[39m             [31m[1m^[22m[39m
     [90m 13 |[39m     [36mthrow[39m e[33m;[39m
     [90m 14 |[39m   }
     [90m 15 |[39m }[0m

      at error (lib/auth-verify.ts:12:13)
      at getUidFromAuthHeader (lib/auth-verify.ts:24:19)
      at Object.<anonymous> (lib/__tests__/auth-verify.test.ts:82:7)

PASS lib/__tests__/utils.test.ts
TypeError: Cannot read properties of null (reading '_location')
    at Window.get location [as location] 
(C:\Users\saran\OneDrive\Desktop\ecoloop\node_modules\jsdom\lib\jsdom\browser\Window.js:420:79)
    at C:\Users\saran\OneDrive\Desktop\ecoloop\node_modules\jsdom\lib\jsdom\browser\Window.js:615:43
    at node:internal/process/task_queues:140:7
    at AsyncResource.runInAsyncScope (node:async_hooks:206:9)
    at AsyncResource.runMicrotask (node:internal/process/task_queues:137:8)
    at processTicksAndRejections (node:internal/process/task_queues:95:5)
TypeError: Cannot read properties of null (reading '_location')
    at Window.get location [as location] 
(C:\Users\saran\OneDrive\Desktop\ecoloop\node_modules\jsdom\lib\jsdom\browser\Window.js:420:79)
    at C:\Users\saran\OneDrive\Desktop\ecoloop\node_modules\jsdom\lib\jsdom\browser\Window.js:615:43
    at node:internal/process/task_queues:140:7
    at AsyncResource.runInAsyncScope (node:async_hooks:206:9)
    at AsyncResource.runMicrotask (node:internal/process/task_queues:137:8)
    at processTicksAndRejections (node:internal/process/task_queues:95:5)
FAIL app/api/scan/__tests__/route.test.ts
  ΓùÅ Test suite failed to run

    Jest worker encountered 4 child process exceptions, exceeding retry limit

      at ChildProcessWorker.initialize (node_modules/jest-worker/build/index.js:801:21)

--------------------------------|---------|----------|---------|---------|-------------------------------------------------------
File                            | % Stmts | % Branch | % Funcs | % Lines | Uncovered Line #s                                     
--------------------------------|---------|----------|---------|---------|-------------------------------------------------------
All files                       |    26.6 |    19.94 |   22.19 |   27.77 |                                                       
 app                            |       0 |      100 |       0 |       0 |                                                       
  layout.tsx                    |       0 |      100 |       0 |       0 | 1-10                                                  
  page.tsx                      |       0 |      100 |       0 |       0 | 1-55                                                  
 app/api/award-points           |   51.42 |    35.71 |   66.66 |   51.42 |                                                       
  route.ts                      |   51.42 |    35.71 |   66.66 |   51.42 | 23-54,64                                              
 app/api/carbon-goals           |       0 |        0 |       0 |       0 |                                                       
  route.ts                      |       0 |        0 |       0 |       0 | 1-110                                                 
 app/api/carbon-goals/[id]      |       0 |        0 |       0 |       0 |                                                       
  route.ts                      |       0 |        0 |       0 |       0 | 1-52                                                  
 app/api/leaderboard            |       0 |        0 |       0 |       0 |                                                       
  route.ts                      |       0 |        0 |       0 |       0 | 1-43                                                  
 app/api/project/[id]           |       0 |        0 |       0 |       0 |                                                       
  route.ts                      |       0 |        0 |       0 |       0 | 1-47                                                  
 app/api/scan                   |   13.18 |     2.32 |    12.5 |   13.48 |                                                       
  route.ts                      |   13.18 |     2.32 |    12.5 |   13.48 | 8-41,49-135,146-226                                   
 app/api/scan/[id]              |       0 |        0 |       0 |       0 |                                                       
  route.ts                      |       0 |        0 |       0 |       0 | 1-61                                                  
 app/auth                       |       0 |        0 |       0 |       0 |                                                       
  page.tsx                      |       0 |        0 |       0 |       0 | 3-191                                                 
 app/dashboard                  |   36.28 |    11.76 |   18.42 |   40.62 |                                                       
  page.tsx                      |   36.28 |    11.76 |   18.42 |   40.62 | 54-81,87-89,101-105,110-121,126-137,144-145,161-252   
 app/dashboard/account          |       0 |        0 |       0 |       0 |                                                       
  page.tsx                      |       0 |        0 |       0 |       0 | 3-143                                                 
 app/dashboard/carbon           |   48.21 |    22.22 |   21.73 |   58.13 |                                                       
  page.tsx                      |   48.21 |    22.22 |   21.73 |   58.13 | 62-84,88-98,110-122                                   
 app/dashboard/leaderboard      |       0 |        0 |       0 |       0 |                                                       
  page.tsx                      |       0 |        0 |       0 |       0 | 3-177                                                 
 app/dashboard/project/[id]     |       0 |        0 |       0 |       0 |                                                       
  page.tsx                      |       0 |        0 |       0 |       0 | 3-205                                                 
 app/dashboard/scan             |       0 |        0 |       0 |       0 |                                                       
  page.tsx                      |       0 |        0 |       0 |       0 | 3-231                                                 
 components                     |   64.28 |      100 |      50 |   64.28 |                                                       
  Providers.tsx                 |       0 |      100 |       0 |       0 | 3-6                                                   
  RouteFocusManager.tsx         |      75 |      100 |   66.66 |      75 | 14-16                                                 
 components/carbon              |   45.72 |    32.82 |   31.25 |   46.33 |                                                       
  CarbonFootprintCalculator.tsx |    46.8 |    39.13 |   13.33 |   48.88 | 28-29,34-38,42-45,49-56,71-74,143-146                 
  CarbonFootprintCharts.tsx     |   76.66 |    42.42 |      65 |      75 | 36-70,78,128-131,194-196                              
  CarbonFootprintGoals.tsx      |   48.06 |    36.36 |      40 |   49.57 | 32,40-41,64-71,81-117,122-147,153-155,166,192-240,275 
  ConsumptionSection.tsx        |       0 |        0 |       0 |       0 | 3-79                                                  
  DietSection.tsx               |       0 |        0 |       0 |       0 | 3-67                                                  
  EnergySection.tsx             |       0 |        0 |       0 |       0 | 3-82                                                  
  TransportSection.tsx          |       0 |        0 |       0 |       0 | 3-91                                                  
 components/dashboard           |   91.66 |    66.66 |   66.66 |    90.9 |                                                       
  ProjectListItem.tsx           |   92.85 |      100 |   66.66 |    92.3 | 20                                                    
  ScanListItem.tsx              |      90 |    66.66 |   66.66 |   88.88 | 35                                                    
 components/error-boundary      |   68.42 |       50 |    37.5 |   66.66 |                                                       
  ErrorBoundary.tsx             |   81.25 |       50 |      50 |      80 | 32,67-71                                              
  GlobalErrorBoundary.tsx       |       0 |      100 |       0 |       0 | 3-11                                                  
 components/ui                  |   93.47 |     73.8 |   91.66 |     100 |                                                       
  VirtualizedList.tsx           |   84.61 |       75 |      80 |     100 | 47-58                                                 
  badge.tsx                     |     100 |      100 |     100 |     100 |                                                       
  button.tsx                    |   92.85 |    77.77 |     100 |     100 | 32,39                                                 
  card.tsx                      |     100 |       75 |     100 |     100 | 28                                                    
  input.tsx                     |     100 |    68.75 |     100 |     100 | 13-14,25-29,35                                        
 hooks                          |   49.39 |    39.53 |   52.83 |   51.28 |                                                       
  useAuth.ts                    |     100 |      100 |     100 |     100 |                                                       
  useFirestore.ts               |   54.95 |       40 |      55 |   57.14 | 40,47,58,75,101-135,139-167,185,189-191,209-210       
  useFocusTrap.ts               |   45.16 |    23.07 |   71.42 |   44.82 | 11-38                                                 
  useInfiniteScroll.ts          |    90.9 |    81.81 |     100 |   95.23 | 43                                                    
  useUserData.ts                |   13.63 |        0 |   17.64 |   14.75 | 10-36,41-67,72-101                                    
 lib                            |      40 |    27.08 |   65.51 |   42.52 |                                                       
  api-error.ts                  |     100 |       60 |     100 |     100 | 16-28                                                 
  auth-verify.ts                |     100 |      100 |     100 |     100 |                                                       
  carbonCalculations.ts         |     100 |       50 |     100 |     100 | 89-103                                                
  firebase-admin.ts             |       0 |        0 |       0 |       0 | 1-166                                                 
  firebase.ts                   |       0 |        0 |     100 |       0 | 1-19                                                  
  utils.ts                      |     100 |      100 |     100 |     100 |                                                       
 services                       |       0 |        0 |       0 |       0 |                                                       
  projectService.ts             |       0 |        0 |       0 |       0 | 1-69                                                  
  scanService.ts                |       0 |        0 |       0 |       0 | 1-78                                                  
  userService.ts                |       0 |        0 |       0 |       0 | 1-45                                                  
 services/__tests__             |       0 |      100 |       0 |       0 |                                                       
  projectService.test.ts        |       0 |      100 |       0 |       0 | 1-223                                                 
  scanService.test.ts           |       0 |      100 |       0 |       0 | 1-155                                                 
  userService.test.ts           |       0 |      100 |       0 |       0 | 1-193                                                 
--------------------------------|---------|----------|---------|---------|-------------------------------------------------------
Jest: Coverage for statements (26.6%) does not meet "global" threshold (70%)
Jest: Coverage for branches (19.94%) does not meet "global" threshold (70%)
Jest: Coverage for lines (27.77%) does not meet "global" threshold (70%)
Jest: Coverage for functions (22.19%) does not meet "global" threshold (70%)
Summary of all failing tests
FAIL app/api/award-points/__tests__/route.test.ts
  ΓùÅ /api/award-points POST ΓÇ║ returns 401 without auth token

    expect(received).toBe(expected) // Object.is equality

    Expected: 401
    Received: 500

    [0m [90m 69 |[39m     [36mconst[39m req [33m=[39m createMockRequest({ projectId[33m:[39m 
[32m'proj-1'[39m[33m,[39m points[33m:[39m [35m50[39m }[33m,[39m [32m''[39m)[33m;[39m
     [90m 70 |[39m     [36mconst[39m res [33m=[39m [36mawait[39m [33mPOST[39m(req)[33m;[39m
    [31m[1m>[22m[39m[90m 71 |[39m     expect(res[33m.[39mstatus)[33m.[39mtoBe([35m401[39m)[33m;[39m
     [90m    |[39m                        [31m[1m^[22m[39m
     [90m 72 |[39m   })[33m;[39m
     [90m 73 |[39m
     [90m 74 |[39m   it([32m'returns 401 with invalid token'[39m[33m,[39m [36masync[39m () [33m=>[39m {[0m

      at Object.toBe (app/api/award-points/__tests__/route.test.ts:71:24)

  ΓùÅ /api/award-points POST ΓÇ║ returns 401 with invalid token

    expect(received).toBe(expected) // Object.is equality

    Expected: 401
    Received: 500

    [0m [90m 75 |[39m     [36mconst[39m req [33m=[39m createMockRequest({ projectId[33m:[39m 
[32m'proj-1'[39m[33m,[39m points[33m:[39m [35m50[39m }[33m,[39m [32m'invalid'[39m)[33m;[39m
     [90m 76 |[39m     [36mconst[39m res [33m=[39m [36mawait[39m [33mPOST[39m(req)[33m;[39m
    [31m[1m>[22m[39m[90m 77 |[39m     expect(res[33m.[39mstatus)[33m.[39mtoBe([35m401[39m)[33m;[39m
     [90m    |[39m                        [31m[1m^[22m[39m
     [90m 78 |[39m   })[33m;[39m
     [90m 79 |[39m
     [90m 80 |[39m   it([32m'returns 404 for non-existent project'[39m[33m,[39m [36masync[39m () [33m=>[39m 
{[0m

      at Object.toBe (app/api/award-points/__tests__/route.test.ts:77:24)

  ΓùÅ /api/award-points POST ΓÇ║ returns 404 for non-existent project

    expect(received).toBe(expected) // Object.is equality

    Expected: 404
    Received: 500

    [0m [90m 81 |[39m     [36mconst[39m req [33m=[39m createMockRequest({ projectId[33m:[39m 
[32m'proj-1'[39m[33m,[39m points[33m:[39m [35m50[39m })[33m;[39m
     [90m 82 |[39m     [36mconst[39m res [33m=[39m [36mawait[39m [33mPOST[39m(req)[33m;[39m
    [31m[1m>[22m[39m[90m 83 |[39m     expect(res[33m.[39mstatus)[33m.[39mtoBe([35m404[39m)[33m;[39m
     [90m    |[39m                        [31m[1m^[22m[39m
     [90m 84 |[39m   })[33m;[39m
     [90m 85 |[39m
     [90m 86 |[39m   it([32m'returns 403 when user does not own project'[39m[33m,[39m [36masync[39m () 
[33m=>[39m {[0m

      at Object.toBe (app/api/award-points/__tests__/route.test.ts:83:24)

  ΓùÅ /api/award-points POST ΓÇ║ returns 403 when user does not own project

    expect(received).toBe(expected) // Object.is equality

    Expected: 403
    Received: 500

    [0m [90m 87 |[39m     [36mconst[39m req [33m=[39m createMockRequest({ projectId[33m:[39m 
[32m'proj-1'[39m[33m,[39m points[33m:[39m [35m50[39m })[33m;[39m
     [90m 88 |[39m     [36mconst[39m res [33m=[39m [36mawait[39m [33mPOST[39m(req)[33m;[39m
    [31m[1m>[22m[39m[90m 89 |[39m     expect(res[33m.[39mstatus)[33m.[39mtoBe([35m403[39m)[33m;[39m
     [90m    |[39m                        [31m[1m^[22m[39m
     [90m 90 |[39m   })[33m;[39m
     [90m 91 |[39m
     [90m 92 |[39m   it([32m'returns 400 when project not completed'[39m[33m,[39m [36masync[39m () 
[33m=>[39m {[0m

      at Object.toBe (app/api/award-points/__tests__/route.test.ts:89:24)

  ΓùÅ /api/award-points POST ΓÇ║ returns 400 when project not completed

    expect(received).toBe(expected) // Object.is equality

    Expected: 400
    Received: 500

    [0m [90m 93 |[39m     [36mconst[39m req [33m=[39m createMockRequest({ projectId[33m:[39m 
[32m'proj-1'[39m[33m,[39m points[33m:[39m [35m50[39m })[33m;[39m
     [90m 94 |[39m     [36mconst[39m res [33m=[39m [36mawait[39m [33mPOST[39m(req)[33m;[39m
    [31m[1m>[22m[39m[90m 95 |[39m     expect(res[33m.[39mstatus)[33m.[39mtoBe([35m400[39m)[33m;[39m
     [90m    |[39m                        [31m[1m^[22m[39m
     [90m 96 |[39m   })[33m;[39m
     [90m 97 |[39m
     [90m 98 |[39m   it([32m'returns 400 when points already awarded'[39m[33m,[39m [36masync[39m () 
[33m=>[39m {[0m

      at Object.toBe (app/api/award-points/__tests__/route.test.ts:95:24)

  ΓùÅ /api/award-points POST ΓÇ║ returns 400 when points already awarded

    expect(received).toBe(expected) // Object.is equality

    Expected: 400
    Received: 500

    [0m [90m  99 |[39m     [36mconst[39m req [33m=[39m createMockRequest({ projectId[33m:[39m 
[32m'proj-1'[39m[33m,[39m points[33m:[39m [35m50[39m })[33m;[39m
     [90m 100 |[39m     [36mconst[39m res [33m=[39m [36mawait[39m [33mPOST[39m(req)[33m;[39m
    [31m[1m>[22m[39m[90m 101 |[39m     expect(res[33m.[39mstatus)[33m.[39mtoBe([35m400[39m)[33m;[39m
     [90m     |[39m                        [31m[1m^[22m[39m
     [90m 102 |[39m   })[33m;[39m
     [90m 103 |[39m
     [90m 104 |[39m   it([32m'awards points successfully'[39m[33m,[39m [36masync[39m () [33m=>[39m {[0m

      at Object.toBe (app/api/award-points/__tests__/route.test.ts:101:24)

  ΓùÅ /api/award-points POST ΓÇ║ awards points successfully

    expect(received).toBe(expected) // Object.is equality

    Expected: 200
    Received: 500

    [0m [90m 107 |[39m     [36mconst[39m data [33m=[39m [36mawait[39m res[33m.[39mjson()[33m;[39m
     [90m 108 |[39m
    [31m[1m>[22m[39m[90m 109 |[39m     expect(res[33m.[39mstatus)[33m.[39mtoBe([35m200[39m)[33m;[39m
     [90m     |[39m                        [31m[1m^[22m[39m
     [90m 110 |[39m     expect(data[33m.[39mok)[33m.[39mtoBe([36mtrue[39m)[33m;[39m
     [90m 111 |[39m     expect(data[33m.[39mpointsAwarded)[33m.[39mtoBe([35m50[39m)[33m;[39m
     [90m 112 |[39m   })[33m;[39m[0m

      at Object.toBe (app/api/award-points/__tests__/route.test.ts:109:24)

FAIL components/carbon/CarbonFootprintCalculator.test.tsx
  ΓùÅ CarbonFootprintCalculator ΓÇ║ updates state and displays current calculation

    Element type is invalid: expected a string (for built-in components) or a class/function (for composite 
components) but got: undefined. You likely forgot to export your component from the file it's defined in, or you might 
have mixed up default and named imports.

    Check the render method of `CarbonFootprintCalculator`.

    [0m [90m 47 |[39m     [36mconst[39m { [33mCarbonFootprintCalculator[39m } [33m=[39m [36mawait[39m 
[36mimport[39m([32m'./CarbonFootprintCalculator'[39m)[33m;[39m
     [90m 48 |[39m     [36mconst[39m onSave [33m=[39m jest[33m.[39mfn()[33m;[39m
    [31m[1m>[22m[39m[90m 49 |[39m     render([33m<[39m[33mCarbonFootprintCalculator[39m 
initialResult[33m=[39m{initialResult} onSave[33m=[39m{onSave} [33m/[39m[33m>[39m)[33m;[39m
     [90m    |[39m           [31m[1m^[22m[39m
     [90m 50 |[39m     
     [90m 51 |[39m     [90m// Check if initial value is rendered[39m
     [90m 52 |[39m     
expect(screen[33m.[39mgetByText([35m/5000/[39m))[33m.[39mtoBeInTheDocument()[33m;[39m[0m

      at createFiberFromTypeAndProps (node_modules/react-dom/cjs/react-dom-client.development.js:5021:28)
      at createFiberFromElement (node_modules/react-dom/cjs/react-dom-client.development.js:5035:14)
      at createChild (node_modules/react-dom/cjs/react-dom-client.development.js:6338:26)
      at reconcileChildrenArray (node_modules/react-dom/cjs/react-dom-client.development.js:6670:25)
      at reconcileChildFibersImpl (node_modules/react-dom/cjs/react-dom-client.development.js:6993:30)
      at node_modules/react-dom/cjs/react-dom-client.development.js:7098:33
      at reconcileChildren (node_modules/react-dom/cjs/react-dom-client.development.js:9701:13)
      at beginWork (node_modules/react-dom/cjs/react-dom-client.development.js:12049:13)
      at runWithFiberInDEV (node_modules/react-dom/cjs/react-dom-client.development.js:874:13)
      at performUnitOfWork (node_modules/react-dom/cjs/react-dom-client.development.js:17641:22)
      at workLoopSync (node_modules/react-dom/cjs/react-dom-client.development.js:17469:41)
      at renderRootSync (node_modules/react-dom/cjs/react-dom-client.development.js:17450:11)
      at performWorkOnRoot (node_modules/react-dom/cjs/react-dom-client.development.js:16583:35)
      at performWorkOnRootViaSchedulerTask (node_modules/react-dom/cjs/react-dom-client.development.js:18957:7)
      at flushActQueue (node_modules/react/cjs/react.development.js:590:34)
      at process.env.NODE_ENV.exports.act (node_modules/react/cjs/react.development.js:884:10)
      at node_modules/@testing-library/react/dist/act-compat.js:46:25
      at renderRoot (node_modules/@testing-library/react/dist/pure.js:189:26)
      at render (node_modules/@testing-library/react/dist/pure.js:291:10)
      at Object.<anonymous> (components/carbon/CarbonFootprintCalculator.test.tsx:49:11)

FAIL hooks/useUserData.test.ts (5.06 s)
  ΓùÅ useUserData hooks ΓÇ║ useUserScans ΓÇ║ should return empty scans and not loading if no userId

    TypeError: Cannot read properties of null (reading 'useState')

    [0m [90m  7 |[39m
     [90m  8 |[39m [36mexport[39m [36mfunction[39m useUserScans(userId[33m:[39m string [33m|[39m 
[36mnull[39m) {
    [31m[1m>[22m[39m[90m  9 |[39m   [36mconst[39m [scans[33m,[39m setScans] [33m=[39m 
useState[33m<[39m[33mScanDoc[39m[][33m>[39m([])[33m;[39m
     [90m    |[39m                                     [31m[1m^[22m[39m
     [90m 10 |[39m   [36mconst[39m [loading[33m,[39m setLoading] [33m=[39m useState([36mtrue[39m)[33m;[39m
     [90m 11 |[39m   [36mconst[39m [error[33m,[39m setError] [33m=[39m useState[33m<[39m[33mError[39m 
[33m|[39m [36mnull[39m[33m>[39m([36mnull[39m)[33m;[39m
     [90m 12 |[39m[0m

      at process.env.NODE_ENV.exports.useState (node_modules/react/cjs/react.development.js:1263:33)
      at useUserScans (hooks/useUserData.ts:9:37)
      at useUserScans (hooks/useUserData.test.ts:55:43)
      at TestComponent (node_modules/@testing-library/react/dist/pure.js:330:27)
      at Object.react_stack_bottom_frame (node_modules/react-dom/cjs/react-dom-client.development.js:25904:20)
      at renderWithHooks (node_modules/react-dom/cjs/react-dom-client.development.js:7662:22)
      at updateFunctionComponent (node_modules/react-dom/cjs/react-dom-client.development.js:10166:19)
      at beginWork (node_modules/react-dom/cjs/react-dom-client.development.js:11778:18)
      at runWithFiberInDEV (node_modules/react-dom/cjs/react-dom-client.development.js:874:13)
      at performUnitOfWork (node_modules/react-dom/cjs/react-dom-client.development.js:17641:22)
      at workLoopSync (node_modules/react-dom/cjs/react-dom-client.development.js:17469:41)
      at renderRootSync (node_modules/react-dom/cjs/react-dom-client.development.js:17450:11)
      at performWorkOnRoot (node_modules/react-dom/cjs/react-dom-client.development.js:16583:35)
      at performWorkOnRootViaSchedulerTask (node_modules/react-dom/cjs/react-dom-client.development.js:18957:7)
      at flushActQueue (node_modules/react/cjs/react.development.js:590:34)
      at process.env.NODE_ENV.exports.act (node_modules/react/cjs/react.development.js:884:10)
      at node_modules/@testing-library/react/dist/act-compat.js:46:25
      at renderRoot (node_modules/@testing-library/react/dist/pure.js:189:26)
      at render (node_modules/@testing-library/react/dist/pure.js:291:10)
      at renderHook (node_modules/@testing-library/react/dist/pure.js:339:7)
      at Object.<anonymous> (hooks/useUserData.test.ts:55:36)

  ΓùÅ useUserData hooks ΓÇ║ useUserScans ΓÇ║ should fetch scans for a given userId

    TypeError: Cannot read properties of null (reading 'useState')

    [0m [90m  7 |[39m
     [90m  8 |[39m [36mexport[39m [36mfunction[39m useUserScans(userId[33m:[39m string [33m|[39m 
[36mnull[39m) {
    [31m[1m>[22m[39m[90m  9 |[39m   [36mconst[39m [scans[33m,[39m setScans] [33m=[39m 
useState[33m<[39m[33mScanDoc[39m[][33m>[39m([])[33m;[39m
     [90m    |[39m                                     [31m[1m^[22m[39m
     [90m 10 |[39m   [36mconst[39m [loading[33m,[39m setLoading] [33m=[39m useState([36mtrue[39m)[33m;[39m
     [90m 11 |[39m   [36mconst[39m [error[33m,[39m setError] [33m=[39m useState[33m<[39m[33mError[39m 
[33m|[39m [36mnull[39m[33m>[39m([36mnull[39m)[33m;[39m
     [90m 12 |[39m[0m

      at process.env.NODE_ENV.exports.useState (node_modules/react/cjs/react.development.js:1263:33)
      at useUserScans (hooks/useUserData.ts:9:37)
      at useUserScans (hooks/useUserData.test.ts:70:43)
      at TestComponent (node_modules/@testing-library/react/dist/pure.js:330:27)
      at Object.react_stack_bottom_frame (node_modules/react-dom/cjs/react-dom-client.development.js:25904:20)
      at renderWithHooks (node_modules/react-dom/cjs/react-dom-client.development.js:7662:22)
      at updateFunctionComponent (node_modules/react-dom/cjs/react-dom-client.development.js:10166:19)
      at beginWork (node_modules/react-dom/cjs/react-dom-client.development.js:11778:18)
      at runWithFiberInDEV (node_modules/react-dom/cjs/react-dom-client.development.js:874:13)
      at performUnitOfWork (node_modules/react-dom/cjs/react-dom-client.development.js:17641:22)
      at workLoopSync (node_modules/react-dom/cjs/react-dom-client.development.js:17469:41)
      at renderRootSync (node_modules/react-dom/cjs/react-dom-client.development.js:17450:11)
      at performWorkOnRoot (node_modules/react-dom/cjs/react-dom-client.development.js:16583:35)
      at performWorkOnRootViaSchedulerTask (node_modules/react-dom/cjs/react-dom-client.development.js:18957:7)
      at flushActQueue (node_modules/react/cjs/react.development.js:590:34)
      at process.env.NODE_ENV.exports.act (node_modules/react/cjs/react.development.js:884:10)
      at node_modules/@testing-library/react/dist/act-compat.js:46:25
      at renderRoot (node_modules/@testing-library/react/dist/pure.js:189:26)
      at render (node_modules/@testing-library/react/dist/pure.js:291:10)
      at renderHook (node_modules/@testing-library/react/dist/pure.js:339:7)
      at Object.<anonymous> (hooks/useUserData.test.ts:70:36)

  ΓùÅ useUserData hooks ΓÇ║ useUserProjects ΓÇ║ should fetch projects for a given userId

    TypeError: Cannot read properties of null (reading 'useState')

    [0m [90m 38 |[39m
     [90m 39 |[39m [36mexport[39m [36mfunction[39m useUserProjects(userId[33m:[39m string [33m|[39m 
[36mnull[39m) {
    [31m[1m>[22m[39m[90m 40 |[39m   [36mconst[39m [projects[33m,[39m setProjects] [33m=[39m 
useState[33m<[39m[33mProjectDoc[39m[][33m>[39m([])[33m;[39m
     [90m    |[39m                                           [31m[1m^[22m[39m
     [90m 41 |[39m   [36mconst[39m [loading[33m,[39m setLoading] [33m=[39m useState([36mtrue[39m)[33m;[39m
     [90m 42 |[39m   [36mconst[39m [error[33m,[39m setError] [33m=[39m useState[33m<[39m[33mError[39m 
[33m|[39m [36mnull[39m[33m>[39m([36mnull[39m)[33m;[39m
     [90m 43 |[39m[0m

      at process.env.NODE_ENV.exports.useState (node_modules/react/cjs/react.development.js:1263:33)
      at useUserProjects (hooks/useUserData.ts:40:43)
      at useUserProjects (hooks/useUserData.test.ts:99:43)
      at TestComponent (node_modules/@testing-library/react/dist/pure.js:330:27)
      at Object.react_stack_bottom_frame (node_modules/react-dom/cjs/react-dom-client.development.js:25904:20)
      at renderWithHooks (node_modules/react-dom/cjs/react-dom-client.development.js:7662:22)
      at updateFunctionComponent (node_modules/react-dom/cjs/react-dom-client.development.js:10166:19)
      at beginWork (node_modules/react-dom/cjs/react-dom-client.development.js:11778:18)
      at runWithFiberInDEV (node_modules/react-dom/cjs/react-dom-client.development.js:874:13)
      at performUnitOfWork (node_modules/react-dom/cjs/react-dom-client.development.js:17641:22)
      at workLoopSync (node_modules/react-dom/cjs/react-dom-client.development.js:17469:41)
      at renderRootSync (node_modules/react-dom/cjs/react-dom-client.development.js:17450:11)
      at performWorkOnRoot (node_modules/react-dom/cjs/react-dom-client.development.js:16583:35)
      at performWorkOnRootViaSchedulerTask (node_modules/react-dom/cjs/react-dom-client.development.js:18957:7)
      at flushActQueue (node_modules/react/cjs/react.development.js:590:34)
      at process.env.NODE_ENV.exports.act (node_modules/react/cjs/react.development.js:884:10)
      at node_modules/@testing-library/react/dist/act-compat.js:46:25
      at renderRoot (node_modules/@testing-library/react/dist/pure.js:189:26)
      at render (node_modules/@testing-library/react/dist/pure.js:291:10)
      at renderHook (node_modules/@testing-library/react/dist/pure.js:339:7)
      at Object.<anonymous> (hooks/useUserData.test.ts:99:36)

  ΓùÅ useUserData hooks ΓÇ║ useUserPoints ΓÇ║ should fetch points from user document

    TypeError: Cannot read properties of null (reading 'useState')

    [0m [90m 69 |[39m
     [90m 70 |[39m [36mexport[39m [36mfunction[39m useUserPoints(userId[33m:[39m string [33m|[39m 
[36mnull[39m) {
    [31m[1m>[22m[39m[90m 71 |[39m   [36mconst[39m [points[33m,[39m setPoints] [33m=[39m 
useState[33m<[39m[33mnumber[39m[33m>[39m([35m0[39m)[33m;[39m
     [90m    |[39m                                       [31m[1m^[22m[39m
     [90m 72 |[39m   [36mconst[39m [loading[33m,[39m setLoading] [33m=[39m useState([36mtrue[39m)[33m;[39m
     [90m 73 |[39m   [36mconst[39m [error[33m,[39m setError] [33m=[39m useState[33m<[39m[33mError[39m 
[33m|[39m [36mnull[39m[33m>[39m([36mnull[39m)[33m;[39m
     [90m 74 |[39m[0m

      at process.env.NODE_ENV.exports.useState (node_modules/react/cjs/react.development.js:1263:33)
      at useUserPoints (hooks/useUserData.ts:71:39)
      at useUserPoints (hooks/useUserData.test.ts:127:43)
      at TestComponent (node_modules/@testing-library/react/dist/pure.js:330:27)
      at Object.react_stack_bottom_frame (node_modules/react-dom/cjs/react-dom-client.development.js:25904:20)
      at renderWithHooks (node_modules/react-dom/cjs/react-dom-client.development.js:7662:22)
      at updateFunctionComponent (node_modules/react-dom/cjs/react-dom-client.development.js:10166:19)
      at beginWork (node_modules/react-dom/cjs/react-dom-client.development.js:11778:18)
      at runWithFiberInDEV (node_modules/react-dom/cjs/react-dom-client.development.js:874:13)
      at performUnitOfWork (node_modules/react-dom/cjs/react-dom-client.development.js:17641:22)
      at workLoopSync (node_modules/react-dom/cjs/react-dom-client.development.js:17469:41)
      at renderRootSync (node_modules/react-dom/cjs/react-dom-client.development.js:17450:11)
      at performWorkOnRoot (node_modules/react-dom/cjs/react-dom-client.development.js:16583:35)
      at performWorkOnRootViaSchedulerTask (node_modules/react-dom/cjs/react-dom-client.development.js:18957:7)
      at flushActQueue (node_modules/react/cjs/react.development.js:590:34)
      at process.env.NODE_ENV.exports.act (node_modules/react/cjs/react.development.js:884:10)
      at node_modules/@testing-library/react/dist/act-compat.js:46:25
      at renderRoot (node_modules/@testing-library/react/dist/pure.js:189:26)
      at render (node_modules/@testing-library/react/dist/pure.js:291:10)
      at renderHook (node_modules/@testing-library/react/dist/pure.js:339:7)
      at Object.<anonymous> (hooks/useUserData.test.ts:127:36)

FAIL app/api/scan/route.test.ts
  ΓùÅ /api/scan integration ΓÇ║ should return 401 if unauthorized

    expect(received).toBe(expected) // Object.is equality

    Expected: 401
    Received: 500

    [0m [90m 30 |[39m
     [90m 31 |[39m     [36mconst[39m response [33m=[39m [36mawait[39m [33mPOST[39m(request)[33m;[39m
    [31m[1m>[22m[39m[90m 32 |[39m     expect(response[33m.[39mstatus)[33m.[39mtoBe([35m401[39m)[33m;[39m
     [90m    |[39m                             [31m[1m^[22m[39m
     [90m 33 |[39m   })[33m;[39m
     [90m 34 |[39m })[33m;[39m[0m

      at Object.toBe (app/api/scan/route.test.ts:32:29)

FAIL app/api/scan/__tests__/route.test.ts
  ΓùÅ Test suite failed to run

    Jest worker encountered 4 child process exceptions, exceeding retry limit

      at ChildProcessWorker.initialize (node_modules/jest-worker/build/index.js:801:21)


Test Suites: 5 failed, 24 passed, 29 total
Tests:       13 failed, 86 passed, 99 total
Snapshots:   0 total
Time:        69.607 s
Ran all test suites.
